 flightControlSystem_sfun

 Timestamp is 61fd6b1d (Fri Feb  4 19:06:21 2022)

 Preferred load address is 0000000180000000

 Start         Length     Name                   Class
 0001:00000000 00010e10H .text$mn                CODE
 0001:00010e10 00000012H .text$mn$00             CODE
 0001:00010e22 00000081H .text$x                 CODE
 0002:00000000 00000448H .idata$5                DATA
 0002:00000448 00000010H .00cfg                  DATA
 0002:00000458 00000008H .CRT$XCA                DATA
 0002:00000460 00000008H .CRT$XCZ                DATA
 0002:00000468 00000008H .CRT$XIA                DATA
 0002:00000470 00000008H .CRT$XIZ                DATA
 0002:00000478 00000008H .CRT$XPA                DATA
 0002:00000480 00000008H .CRT$XPZ                DATA
 0002:00000488 00000008H .CRT$XTA                DATA
 0002:00000490 00000010H .CRT$XTZ                DATA
 0002:00000498 00000000H .gfids$y                DATA
 0002:000004a0 000041b0H .rdata                  DATA
 0002:00004650 00000218H .rdata$zzzdbg           DATA
 0002:00004868 00000008H .rtc$IAA                DATA
 0002:00004870 00000008H .rtc$IZZ                DATA
 0002:00004878 00000008H .rtc$TAA                DATA
 0002:00004880 00000008H .rtc$TZZ                DATA
 0002:00004888 00000908H .xdata                  DATA
 0002:00005190 00000084H .edata                  DATA
 0002:00005214 0000012cH .idata$2                DATA
 0002:00005340 00000018H .idata$3                DATA
 0002:00005358 00000448H .idata$4                DATA
 0002:000057a0 00000bbcH .idata$6                DATA
 0003:00000000 00009690H .data                   DATA
 0003:00009690 00000b30H .bss                    DATA
 0004:00000000 00000a98H .pdata                  DATA

  Address         Publics by Value              Rva+Base               Lib:Object

 0000:00000000       __guard_iat_table          0000000000000000     <absolute>
 0000:00000000       __guard_longjmp_table      0000000000000000     <absolute>
 0000:00000000       __dynamic_value_reloc_table 0000000000000000     <absolute>
 0000:00000000       __volatile_metadata        0000000000000000     <absolute>
 0000:00000000       __guard_fids_table         0000000000000000     <absolute>
 0000:00000000       __enclave_config           0000000000000000     <absolute>
 0000:00000000       __guard_iat_count          0000000000000000     <absolute>
 0000:00000000       ___safe_se_handler_table   0000000000000000     <absolute>
 0000:00000000       __guard_fids_count         0000000000000000     <absolute>
 0000:00000000       __hybrid_code_map          0000000000000000     <absolute>
 0000:00000000       __hybrid_auxiliary_iat     0000000000000000     <absolute>
 0000:00000000       ___safe_se_handler_count   0000000000000000     <absolute>
 0000:00000000       __hybrid_code_map_count    0000000000000000     <absolute>
 0000:00000000       __guard_longjmp_count      0000000000000000     <absolute>
 0000:00000100       __guard_flags              0000000000000100     <absolute>
 0000:00000000       __ImageBase                0000000180000000     <linker-defined>
 0001:00000000       ?flightControlSystem_initializer@@YAXXZ 0000000180001000 f   flightControlSystem_sfun.obj
 0001:00000010       ?flightControlSystem_terminator@@YAXXZ 0000000180001010 f   flightControlSystem_sfun.obj
 0001:00000020       ?load_flightControlSystem_optimization_info@@YAPEAUmxArray_tag@@EEE@Z 0000000180001020 f   flightControlSystem_sfun.obj
 0001:000000d0       ?unload_flightControlSystem_optimization_info@@YAXXZ 00000001800010d0 f   flightControlSystem_sfun.obj
 0001:00000100       ?sf_flightControlSystem_method_dispatcher@@YAIPEAUSimStruct_tag@@IPEBDHPEAX@Z 0000000180001100 f   flightControlSystem_sfun.obj
 0001:00000150       ?sf_flightControlSystem_process_check_sum_call@@YAIHQEAPEAUmxArray_tag@@HQEAPEBU1@@Z 0000000180001150 f   flightControlSystem_sfun.obj
 0001:00000640       ?sf_flightControlSystem_get_eml_resolved_functions_info@@YAIHQEAPEAUmxArray_tag@@HQEAPEBU1@@Z 0000000180001640 f   flightControlSystem_sfun.obj
 0001:00000820       ?sf_flightControlSystem_third_party_uses_info@@YAIHQEAPEAUmxArray_tag@@HQEAPEBU1@@Z 0000000180001820 f   flightControlSystem_sfun.obj
 0001:000009f0       ?sf_flightControlSystem_jit_fallback_info@@YAIHQEAPEAUmxArray_tag@@HQEAPEBU1@@Z 00000001800019f0 f   flightControlSystem_sfun.obj
 0001:00000bc0       ?sf_flightControlSystem_get_post_codegen_info@@YAIHQEAPEAUmxArray_tag@@HQEAPEBU1@@Z 0000000180001bc0 f   flightControlSystem_sfun.obj
 0001:00000da0       ?sf_flightControlSystem_updateBuildInfo_args_info@@YAIHQEAPEAUmxArray_tag@@HQEAPEBU1@@Z 0000000180001da0 f   flightControlSystem_sfun.obj
 0001:00000f70       ?flightControlSystem_register_exported_symbols@@YAXPEAUSimStruct_tag@@@Z 0000000180001f70 f   flightControlSystem_sfun.obj
 0001:00000f80       ?sf_c4_flightControlSystem_get_eml_resolved_functions_info@@YAPEBUmxArray_tag@@XZ 0000000180001f80 f   c4_flightControlSystem.obj
 0001:00001000       ?sf_c4_flightControlSystem_get_check_sum@@YAXQEAPEAUmxArray_tag@@@Z 0000000180002000 f   c4_flightControlSystem.obj
 0001:000010d0       ?c4_flightControlSystem_method_dispatcher@@YAXPEAUSimStruct_tag@@HPEAX@Z 00000001800020d0 f   c4_flightControlSystem.obj
 0001:00004650       ?sf_c4_flightControlSystem_third_party_uses_info@@YAPEAUmxArray_tag@@XZ 0000000180005650 f   c4_flightControlSystem.obj
 0001:000046c0       ?sf_c4_flightControlSystem_jit_fallback_info@@YAPEAUmxArray_tag@@XZ 00000001800056c0 f   c4_flightControlSystem.obj
 0001:00004850       ?sf_c4_flightControlSystem_updateBuildInfo_args_info@@YAPEAUmxArray_tag@@XZ 0000000180005850 f   c4_flightControlSystem.obj
 0001:00004bf0       ?sf_c4_flightControlSystem_get_post_codegen_info@@YAPEBDXZ 0000000180005bf0 f   c4_flightControlSystem.obj
 0001:00005110       ??2@YAPEAX_KPEAX@Z         0000000180006110 f i c4_flightControlSystem.obj
 0001:00005120       mexFunction                0000000180006120 f   flightControlSystem_sfun_registry.obj
 0001:000078d0       _ssSetInputPortDirectFeedThroughFcn 00000001800088d0 f   flightControlSystem_sfun_registry.obj
 0001:00007a50       _ssSetRWorkValueFcn        0000000180008a50 f   flightControlSystem_sfun_registry.obj
 0001:00007ad0       _ssGetRWorkValueFcn        0000000180008ad0 f   flightControlSystem_sfun_registry.obj
 0001:00007b40       _ssSetIWorkValueFcn        0000000180008b40 f   flightControlSystem_sfun_registry.obj
 0001:00007bc0       _ssGetIWorkValueFcn        0000000180008bc0 f   flightControlSystem_sfun_registry.obj
 0001:00007c30       _ssSetPWorkValueFcn        0000000180008c30 f   flightControlSystem_sfun_registry.obj
 0001:00007cb0       _ssGetPWorkValueFcn        0000000180008cb0 f   flightControlSystem_sfun_registry.obj
 0001:00007d20       _ssGetInputPortSignalFcn   0000000180008d20 f   flightControlSystem_sfun_registry.obj
 0001:000080d0       _ssGetInputPortBufferDstPortFcn 00000001800090d0 f   flightControlSystem_sfun_registry.obj
 0001:00008150       _ssGetInputPortSignalPtrsFcn 0000000180009150 f   flightControlSystem_sfun_registry.obj
 0001:00008500       ssGetParameterTuningCompliance 0000000180009500 f   flightControlSystem_sfun_registry.obj
 0001:00008570       ssGetDTypeIdFromMxArray    0000000180009570 f   flightControlSystem_sfun_registry.obj
 0001:00008690       ssWriteRTWMx2dMatParam     0000000180009690 f   flightControlSystem_sfun_registry.obj
 0001:00008720       ssWriteRTWMxVectParam      0000000180009720 f   flightControlSystem_sfun_registry.obj
 0001:000087a0       ssWriteRTWParameters       00000001800097a0 f   flightControlSystem_sfun_registry.obj
 0001:000092a0       ssWriteRTWParamSettings    000000018000a2a0 f   flightControlSystem_sfun_registry.obj
 0001:00009fe0       ssWriteRTWStr              000000018000afe0 f   flightControlSystem_sfun_registry.obj
 0001:0000a040       ssWriteRTWWorkVect         000000018000b040 f   flightControlSystem_sfun_registry.obj
 0001:0000a630       ssWarning                  000000018000b630 f   flightControlSystem_sfun_registry.obj
 0001:0000a720       ssWriteRTWNameValuePair    000000018000b720 f   flightControlSystem_sfun_registry.obj
 0001:0000aea0       _ssSetInputPortMatrixDimensions 000000018000bea0 f   flightControlSystem_sfun_registry.obj
 0001:0000afc0       _ssSetOutputPortMatrixDimensions 000000018000bfc0 f   flightControlSystem_sfun_registry.obj
 0001:0000b0e0       _ssSetInputPortVectorDimension 000000018000c0e0 f   flightControlSystem_sfun_registry.obj
 0001:0000b190       _ssSetOutputPortVectorDimension 000000018000c190 f   flightControlSystem_sfun_registry.obj
 0001:0000b240       ssIsRunTimeParamTunable    000000018000c240 f   flightControlSystem_sfun_registry.obj
 0001:0000b2b0       ssGetSFuncBlockHandle      000000018000c2b0 f   flightControlSystem_sfun_registry.obj
 0001:0000b320       _ssGetCurrentInputPortWidth 000000018000c320 f   flightControlSystem_sfun_registry.obj
 0001:0000b460       _ssGetCurrentOutputPortWidth 000000018000c460 f   flightControlSystem_sfun_registry.obj
 0001:0000b5a0       _ssGetCallSystemNumFcnCallDestinations 000000018000c5a0 f   flightControlSystem_sfun_registry.obj
 0001:0000b610       ssGetIsZeroCrossControlDisabled 000000018000c610 f   flightControlSystem_sfun_registry.obj
 0001:0000b680       ssSetIsInputPortUsedForContZcSignal 000000018000c680 f   flightControlSystem_sfun_registry.obj
 0001:0000b6f0       ssSetZcSignalIsZcElementDisc 000000018000c6f0 f   flightControlSystem_sfun_registry.obj
 0001:0000b7a0       ssSetZcSignalName          000000018000c7a0 f   flightControlSystem_sfun_registry.obj
 0001:0000b810       ssSetZcSignalWidth         000000018000c810 f   flightControlSystem_sfun_registry.obj
 0001:0000b880       ssSetZcSignalZcEventType   000000018000c880 f   flightControlSystem_sfun_registry.obj
 0001:0000b8f0       ssSetZcSignalType          000000018000c8f0 f   flightControlSystem_sfun_registry.obj
 0001:0000b960       ssSetZcSignalZcTol         000000018000c960 f   flightControlSystem_sfun_registry.obj
 0001:0000b9d0       ssSetZcSignalNeedsEventNotification 000000018000c9d0 f   flightControlSystem_sfun_registry.obj
 0001:0000ba40       ssCreateAndAddZcSignalInfo 000000018000ca40 f   flightControlSystem_sfun_registry.obj
 0001:0000bab0       ssCloneAndAddZcSignalInfo  000000018000cab0 f   flightControlSystem_sfun_registry.obj
 0001:0000bb20       ssGetNumZcSignals          000000018000cb20 f   flightControlSystem_sfun_registry.obj
 0001:0000bb90       ssGetZcSignalVector        000000018000cb90 f   flightControlSystem_sfun_registry.obj
 0001:0000bc00       ssGetZcSignalName          000000018000cc00 f   flightControlSystem_sfun_registry.obj
 0001:0000bc70       ssGetZcSignalWidth         000000018000cc70 f   flightControlSystem_sfun_registry.obj
 0001:0000bce0       ssGetZcSignalZcEventType   000000018000cce0 f   flightControlSystem_sfun_registry.obj
 0001:0000bd50       ssGetZcSignalZcEvents      000000018000cd50 f   flightControlSystem_sfun_registry.obj
 0001:0000bdc0       ssGetZcSignalType          000000018000cdc0 f   flightControlSystem_sfun_registry.obj
 0001:0000be30       ssGetZcSignalZcTol         000000018000ce30 f   flightControlSystem_sfun_registry.obj
 0001:0000beb0       ssGetZcSignalNeedsEventNotification 000000018000ceb0 f   flightControlSystem_sfun_registry.obj
 0001:0000bf20       ssGetZcSignalIsZcElementDisc 000000018000cf20 f   flightControlSystem_sfun_registry.obj
 0001:0000bfc0       ssGetIsInputPortElementContinuous 000000018000cfc0 f   flightControlSystem_sfun_registry.obj
 0001:0000c060       _ssGetAbsTol               000000018000d060 f   flightControlSystem_sfun_registry.obj
 0001:0000c0d0       _ssSetStateAbsTol          000000018000d0d0 f   flightControlSystem_sfun_registry.obj
 0001:0000c1b0       _ssSetInputPortReusableFcn 000000018000d1b0 f   flightControlSystem_sfun_registry.obj
 0001:0000c2c0       _ssSetOutputPortReusableFcn 000000018000d2c0 f   flightControlSystem_sfun_registry.obj
 0001:0000c3d0       _ssSetSymbolicDimsSupport  000000018000d3d0 f   flightControlSystem_sfun_registry.obj
 0001:0000c440       _ssRegisterSymbolicDimsExpr 000000018000d440 f   flightControlSystem_sfun_registry.obj
 0001:0000c4c0       _ssRegisterSymbolicDims    000000018000d4c0 f   flightControlSystem_sfun_registry.obj
 0001:0000c560       _ssRegisterSymbolicDimsString 000000018000d560 f   flightControlSystem_sfun_registry.obj
 0001:0000c5e0       _ssRegisterSymbolicDimsIntValue 000000018000d5e0 f   flightControlSystem_sfun_registry.obj
 0001:0000c650       _ssRegisterSymbolicDimsPlus 000000018000d650 f   flightControlSystem_sfun_registry.obj
 0001:0000c6d0       _ssRegisterSymbolicDimsMinus 000000018000d6d0 f   flightControlSystem_sfun_registry.obj
 0001:0000c750       _ssRegisterSymbolicDimsMultiply 000000018000d750 f   flightControlSystem_sfun_registry.obj
 0001:0000c7d0       _ssRegisterSymbolicDimsDivide 000000018000d7d0 f   flightControlSystem_sfun_registry.obj
 0001:0000c850       _ssGetNumSymbolicDims      000000018000d850 f   flightControlSystem_sfun_registry.obj
 0001:0000c8c0       _ssGetSymbolicDim          000000018000d8c0 f   flightControlSystem_sfun_registry.obj
 0001:0000c940       _ssSetInputPortSymbolicDimsId 000000018000d940 f   flightControlSystem_sfun_registry.obj
 0001:0000c9b0       _ssGetCompInputPortSymbolicDimsId 000000018000d9b0 f   flightControlSystem_sfun_registry.obj
 0001:0000ca20       _ssSetCompInputPortSymbolicDimsId 000000018000da20 f   flightControlSystem_sfun_registry.obj
 0001:0000ca90       _ssSetOutputPortSymbolicDimsId 000000018000da90 f   flightControlSystem_sfun_registry.obj
 0001:0000cb00       _ssGetCompOutputPortSymbolicDimsId 000000018000db00 f   flightControlSystem_sfun_registry.obj
 0001:0000cb70       _ssSetCompOutputPortSymbolicDimsId 000000018000db70 f   flightControlSystem_sfun_registry.obj
 0001:0000cbe0       _ssSetCompDWorkSymbolicDimsId 000000018000dbe0 f   flightControlSystem_sfun_registry.obj
 0001:0000cc50       ?sf_process_check_sum_call@@YAIHQEAPEAUmxArray_tag@@HQEAPEBU1@@Z 000000018000dc50 f   flightControlSystem_sfun_registry.obj
 0001:0000cca0       ?sf_process_get_third_party_uses_info_call@@YAIHQEAPEAUmxArray_tag@@HQEAPEBU1@@Z 000000018000dca0 f   flightControlSystem_sfun_registry.obj
 0001:0000ced0       ?sf_process_get_jit_fallback_info_call@@YAIHQEAPEAUmxArray_tag@@HQEAPEBU1@@Z 000000018000ded0 f   flightControlSystem_sfun_registry.obj
 0001:0000d100       ?sf_process_get_post_codegen_info_call@@YAIHQEAPEAUmxArray_tag@@HQEAPEBU1@@Z 000000018000e100 f   flightControlSystem_sfun_registry.obj
 0001:0000d330       ?sf_process_get_updateBuildInfo_args_info_call@@YAIHQEAPEAUmxArray_tag@@HQEAPEBU1@@Z 000000018000e330 f   flightControlSystem_sfun_registry.obj
 0001:0000d560       ?sf_process_get_eml_resolved_functions_info_call@@YAIHQEAPEAUmxArray_tag@@HQEAPEBU1@@Z 000000018000e560 f   flightControlSystem_sfun_registry.obj
 0001:0000d790       ?sf_mex_unlock_call@@YAIHQEAPEAUmxArray_tag@@HQEAPEBU1@@Z 000000018000e790 f   flightControlSystem_sfun_registry.obj
 0001:0000d9b0       ?sf_machine_global_initializer_called@@YAIXZ 000000018000e9b0 f   flightControlSystem_sfun_registry.obj
 0001:0000d9e0       sf_machine_global_method_dispatcher 000000018000e9e0 f   flightControlSystem_sfun_registry.obj
 0001:0000da40       sf_machine_global_terminator 000000018000ea40 f   flightControlSystem_sfun_registry.obj
 0001:0000da70       ?sf_register_machine_exported_symbols@@YAXPEAUSimStruct_tag@@@Z 000000018000ea70 f   flightControlSystem_sfun_registry.obj
 0001:0000da90       callCustomFcn              000000018000ea90 f   flightControlSystem_sfun_registry.obj
 0001:0000daa0       sf_machine_global_initializer 000000018000eaa0 f   flightControlSystem_sfun_registry.obj
 0001:0000db10       ?mdlGetSimState@@YAPEAUmxArray_tag@@PEAUSimStruct_tag@@@Z 000000018000eb10 f   flightControlSystem_sfun_registry.obj
 0001:0000db50       ?mdlSetSimState@@YAXPEAUSimStruct_tag@@PEBUmxArray_tag@@@Z 000000018000eb50 f   flightControlSystem_sfun_registry.obj
 0001:0000e4a0       ?ProcessMexSfunctionEveryCall@@YAIHQEAPEAUmxArray_tag@@HQEAPEBU1@@Z 000000018000f4a0 f   flightControlSystem_sfun_registry.obj
 0001:0000f660       __local_stdio_printf_options 0000000180010660 f i flightControlSystem_sfun_registry.obj
 0001:0000f670       _vsnprintf_l               0000000180010670 f i flightControlSystem_sfun_registry.obj
 0001:0000f6f0       _vsprintf_l                00000001800106f0 f i flightControlSystem_sfun_registry.obj
 0001:0000f740       sprintf                    0000000180010740 f i flightControlSystem_sfun_registry.obj
 0001:0000f790       mexfilerequiredapiversion  0000000180010790 f   c_mexapi_version.obj
 0001:0000f7b1       bwlookup_tbb_boolean       00000001800107b1 f   libmwbwlookup_tbb:libmwbwlookup_tbb.dll
 0001:0000f7b7       dilate_binary_twod_tbb     00000001800107b7 f   libmwmorphop_binary_tbb:libmwmorphop_binary_tbb.dll
 0001:0000f7bd       erode_binary_twod_tbb      00000001800107bd f   libmwmorphop_binary_tbb:libmwmorphop_binary_tbb.dll
 0001:0000f7c3       sf_load_rtw_optimization_info 00000001800107c3 f   sf_runtime:sf_runtime.dll
 0001:0000f7c9       sf_mex_decode              00000001800107c9 f   sf_runtime:sf_runtime.dll
 0001:0000f7cf       sf_init_ChartRunTimeInfo   00000001800107cf f   sf_runtime:sf_runtime.dll
 0001:0000f7d5       sf_free_ChartRunTimeInfo   00000001800107d5 f   sf_runtime:sf_runtime.dll
 0001:0000f7db       sfrtGetEmlrtCtx            00000001800107db f   sf_runtime:sf_runtime.dll
 0001:0000f7e1       sfrtGetCovrtInstance       00000001800107e1 f   sf_runtime:sf_runtime.dll
 0001:0000f7e7       sf_get_chart_instance_ptr  00000001800107e7 f   sf_runtime:sf_runtime.dll
 0001:0000f7ed       sim_mode_is_rtw_gen        00000001800107ed f   sf_runtime:sf_runtime.dll
 0001:0000f7f3       sim_mode_is_external       00000001800107f3 f   sf_runtime:sf_runtime.dll
 0001:0000f7f9       sf_clear_rtw_identifier    00000001800107f9 f   sf_runtime:sf_runtime.dll
 0001:0000f7ff       sf_get_time                00000001800107ff f   sf_runtime:sf_runtime.dll
 0001:0000f805       sfDoAnimationWrapper       0000000180010805 f   sf_runtime:sf_runtime.dll
 0001:0000f80b       setDataBrowseFcn           000000018001080b f   sf_runtime:sf_runtime.dll
 0001:0000f811       setLegacyDebuggerFlag      0000000180010811 f   sf_runtime:sf_runtime.dll
 0001:0000f817       setDebuggerFlag            0000000180010817 f   sf_runtime:sf_runtime.dll
 0001:0000f81d       sf_warn_if_symbolic_dimension_param_changed 000000018001081d f   sf_runtime:sf_runtime.dll
 0001:0000f823       sf_set_work_widths         0000000180010823 f   sf_runtime:sf_runtime.dll
 0001:0000f829       sfListenerCacheSimStruct   0000000180010829 f   sf_runtime:sf_runtime.dll
 0001:0000f82f       sfListenerLightTerminate   000000018001082f f   sf_runtime:sf_runtime.dll
 0001:0000f835       sfListenerInitializeRuntimeVars 0000000180010835 f   sf_runtime:sf_runtime.dll
 0001:0000f83b       sf_mex_call                000000018001083b f   sf_runtime:sf_runtime.dll
 0001:0000f841       sf_mex_error_message       0000000180010841 f   sf_runtime:sf_runtime.dll
 0001:0000f847       sf_mex_create              0000000180010847 f   sf_runtime:sf_runtime.dll
 0001:0000f84d       sf_mex_createcellmatrix    000000018001084d f   sf_runtime:sf_runtime.dll
 0001:0000f853       sf_mex_setcell             0000000180010853 f   sf_runtime:sf_runtime.dll
 0001:0000f859       sf_mex_getcell             0000000180010859 f   sf_runtime:sf_runtime.dll
 0001:0000f85f       sf_mex_assign              000000018001085f f   sf_runtime:sf_runtime.dll
 0001:0000f865       sf_mex_dup                 0000000180010865 f   sf_runtime:sf_runtime.dll
 0001:0000f86b       sf_mex_destroy             000000018001086b f   sf_runtime:sf_runtime.dll
 0001:0000f871       sf_mex_import              0000000180010871 f   sf_runtime:sf_runtime.dll
 0001:0000f877       ssGetInputPortSignal_wrapper 0000000180010877 f   sf_runtime:sf_runtime.dll
 0001:0000f87d       ssGetOutputPortSignal_wrapper 000000018001087d f   sf_runtime:sf_runtime.dll
 0001:0000f883       sf_get_ChartInfoStruct_CodeGen 0000000180010883 f   sf_runtime:sf_runtime.dll
 0001:0000f889       sf_get_hasSeparateUpdateOutputs 0000000180010889 f   sf_runtime:sf_runtime.dll
 0001:0000f88f       callMdlMethodAndReportError 000000018001088f f   sf_runtime:sf_runtime.dll
 0001:0000f895       call_sf_machine_global_method_dispatcher 0000000180010895 f   sf_runtime:sf_runtime.dll
 0001:0000f89b       getRuntimeInstanceInfoAsVoid 000000018001089b f   sf_runtime:sf_runtime.dll
 0001:0000f8a1       sf_mex_error_direct_call   00000001800108a1 f   sf_runtime:sf_runtime.dll
 0001:0000f8a7       sf_clear_error_manager_info 00000001800108a7 f   sf_runtime:sf_runtime.dll
 0001:0000f8ad       mxIsChar_800               00000001800108ad f   libmx:libmx.dll
 0001:0000f8b3       mxGetScalar_800            00000001800108b3 f   libmx:libmx.dll
 0001:0000f8b9       mxGetPr_800                00000001800108b9 f   libmx:libmx.dll
 0001:0000f8bf       mxDestroyArray_800         00000001800108bf f   libmx:libmx.dll
 0001:0000f8c5       mxCreateDoubleMatrix_800   00000001800108c5 f   libmx:libmx.dll
 0001:0000f8cb       mxGetString_800            00000001800108cb f   libmx:libmx.dll
 0001:0000f8d1       mxDuplicateArray_800       00000001800108d1 f   libmx:libmx.dll
 0001:0000f8d7       mxSetCell_800              00000001800108d7 f   libmx:libmx.dll
 0001:0000f8dd       mxSetField_800             00000001800108dd f   libmx:libmx.dll
 0001:0000f8e3       mxCreateString_800         00000001800108e3 f   libmx:libmx.dll
 0001:0000f8e9       mxCreateCellMatrix_800     00000001800108e9 f   libmx:libmx.dll
 0001:0000f8ef       mxCreateStructMatrix_800   00000001800108ef f   libmx:libmx.dll
 0001:0000f8f5       mxCalloc_800               00000001800108f5 f   libmx:libmx.dll
 0001:0000f8fb       mxGetM_800                 00000001800108fb f   libmx:libmx.dll
 0001:0000f901       mxGetClassID_800           0000000180010901 f   libmx:libmx.dll
 0001:0000f907       mxIsNumeric_800            0000000180010907 f   libmx:libmx.dll
 0001:0000f90d       mxIsComplex_800            000000018001090d f   libmx:libmx.dll
 0001:0000f913       mxGetN_800                 0000000180010913 f   libmx:libmx.dll
 0001:0000f919       mxCreateDoubleScalar_800   0000000180010919 f   libmx:libmx.dll
 0001:0000f91f       mexMakeArrayPersistent_800 000000018001091f f   libmex:libmex.dll
 0001:0000f925       mexErrMsgTxt_800           0000000180010925 f   libmex:libmex.dll
 0001:0000f92b       mexWarnMsgTxt_800          000000018001092b f   libmex:libmex.dll
 0001:0000f931       mexCallMATLAB_800          0000000180010931 f   libmex:libmex.dll
 0001:0000f937       mexLock_800                0000000180010937 f   libmex:libmex.dll
 0001:0000f93d       mexUnlock_800              000000018001093d f   libmex:libmex.dll
 0001:0000f943       mexIsLocked_800            0000000180010943 f   libmex:libmex.dll
 0001:0000f949       utMalloc                   0000000180010949 f   libut:libut.dll
 0001:0000f94f       utFree                     000000018001094f f   libut:libut.dll
 0001:0000f955       muDoubleScalarIsNaN        0000000180010955 f   libmwmathutil:libmwmathutil.dll
 0001:0000f95b       emlrtLicenseCheckR2012b    000000018001095b f   libemlrt:libemlrt.dll
 0001:0000f961       emlrtDynamicBoundsCheckR2012b 0000000180010961 f   libemlrt:libemlrt.dll
 0001:0000f967       emlrtIntegerCheckR2012b    0000000180010967 f   libemlrt:libemlrt.dll
 0001:0000f96d       covrtCreateStateflowInstanceData 000000018001096d f   libcovrt:libcovrt.dll
 0001:0000f973       covrtDeleteStateflowInstanceData 0000000180010973 f   libcovrt:libcovrt.dll
 0001:0000f979       covrtTransInitFcn          0000000180010979 f   libcovrt:libcovrt.dll
 0001:0000f97f       covrtStateInitFcn          000000018001097f f   libcovrt:libcovrt.dll
 0001:0000f985       covrtChartInitFcn          0000000180010985 f   libcovrt:libcovrt.dll
 0001:0000f98b       covrtSigUpdateFcn          000000018001098b f   libcovrt:libcovrt.dll
 0001:0000f991       covrtEmlInitFcn            0000000180010991 f   libcovrt:libcovrt.dll
 0001:0000f997       covrtEmlFcnInitFcn         0000000180010997 f   libcovrt:libcovrt.dll
 0001:0000f99d       covrtEmlFcnEval            000000018001099d f   libcovrt:libcovrt.dll
 0001:0000f9a4       __raise_securityfailure    00000001800109a4 f   MSVCRT:gs_report.obj
 0001:0000f9d8       __report_gsfailure         00000001800109d8 f   MSVCRT:gs_report.obj
 0001:0000faac       __report_rangecheckfailure 0000000180010aac f   MSVCRT:gs_report.obj
 0001:0000fac0       __report_securityfailure   0000000180010ac0 f   MSVCRT:gs_report.obj
 0001:0000fb5c       __report_securityfailureEx 0000000180010b5c f   MSVCRT:gs_report.obj
 0001:0000fd50       __GSHandlerCheck           0000000180010d50 f   MSVCRT:gshandler.obj
 0001:0000fd70       __GSHandlerCheckCommon     0000000180010d70 f   MSVCRT:gshandler.obj
 0001:0000fde0       __security_check_cookie    0000000180010de0 f   MSVCRT:amdsecgs.obj
 0001:0000fe20       _alloca_probe              0000000180010e20 f   MSVCRT:chkstk.obj
 0001:0000fe20       __chkstk                   0000000180010e20 f   MSVCRT:chkstk.obj
 0001:000101c0       _CRT_INIT                  00000001800111c0 f   MSVCRT:dll_dllmain.obj
 0001:000101c8       _DllMainCRTStartup         00000001800111c8 f   MSVCRT:dll_dllmain.obj
 0001:00010274       __security_init_cookie     0000000180011274 f   MSVCRT:gs_support.obj
 0001:00010320       DllMain                    0000000180011320 f   MSVCRT:dll_dllmain_stub.obj
 0001:00010344       ?__scrt_initialize_type_info@@YAXXZ 0000000180011344 f   MSVCRT:tncleanup.obj
 0001:00010354       ?__scrt_uninitialize_type_info@@YAXXZ 0000000180011354 f   MSVCRT:tncleanup.obj
 0001:00010360       __local_stdio_scanf_options 0000000180011360 f i MSVCRT:default_local_stdio_options.obj
 0001:00010368       __scrt_initialize_default_local_stdio_options 0000000180011368 f   MSVCRT:default_local_stdio_options.obj
 0001:00010384       ??$__crt_fast_decode_pointer@PEAP6AXXZ@@YAPEAP6AXXZQEAP6AXXZ@Z 0000000180011384 f i MSVCRT:utility.obj
 0001:0001039c       ??$__crt_fast_encode_pointer@PEAP6AXXZ@@YAPEAP6AXXZQEAP6AXXZ@Z 000000018001139c f i MSVCRT:utility.obj
 0001:000103bc       ?__crt_rotate_pointer_value@@YA_K_KH@Z 00000001800113bc f i MSVCRT:utility.obj
 0001:000103c8       ?configure_argv@__scrt_narrow_argv_policy@@SAHXZ 00000001800113c8 f i MSVCRT:utility.obj
 0001:00010428       ?initialize_environment@__scrt_narrow_environment_policy@@SAHXZ 0000000180011428 f i MSVCRT:utility.obj
 0001:00010460       NtCurrentTeb               0000000180011460 f i MSVCRT:utility.obj
 0001:0001046c       __scrt_acquire_startup_lock 000000018001146c f   MSVCRT:utility.obj
 0001:000104a8       __scrt_dllmain_after_initialize_c 00000001800114a8 f   MSVCRT:utility.obj
 0001:000104dc       __scrt_dllmain_before_initialize_c 00000001800114dc f   MSVCRT:utility.obj
 0001:000104f4       __scrt_dllmain_crt_thread_attach 00000001800114f4 f   MSVCRT:utility.obj
 0001:0001051c       __scrt_dllmain_crt_thread_detach 000000018001151c f   MSVCRT:utility.obj
 0001:00010534       __scrt_dllmain_exception_filter 0000000180011534 f   MSVCRT:utility.obj
 0001:00010594       __scrt_dllmain_uninitialize_c 0000000180011594 f   MSVCRT:utility.obj
 0001:000105c4       __scrt_dllmain_uninitialize_critical 00000001800115c4 f   MSVCRT:utility.obj
 0001:000105d8       __scrt_initialize_crt      00000001800115d8 f   MSVCRT:utility.obj
 0001:00010624       __scrt_initialize_onexit_tables 0000000180011624 f   MSVCRT:utility.obj
 0001:000106fc       __scrt_is_nonwritable_in_current_image 00000001800116fc f   MSVCRT:utility.obj
 0001:00010798       __scrt_release_startup_lock 0000000180011798 f   MSVCRT:utility.obj
 0001:000107bc       __scrt_uninitialize_crt    00000001800117bc f   MSVCRT:utility.obj
 0001:000107e8       _onexit                    00000001800117e8 f   MSVCRT:utility.obj
 0001:00010838       at_quick_exit              0000000180011838 f   MSVCRT:utility.obj
 0001:00010870       atexit                     0000000180011870 f   MSVCRT:utility.obj
 0001:00010888       __scrt_get_dyn_tls_init_callback 0000000180011888 f   MSVCRT:dyn_tls_init.obj
 0001:00010890       __crt_debugger_hook        0000000180011890 f   MSVCRT:utility_desktop.obj
 0001:00010898       __scrt_fastfail            0000000180011898 f   MSVCRT:utility_desktop.obj
 0001:000109e4       __scrt_get_show_window_mode 00000001800119e4 f   MSVCRT:utility_desktop.obj
 0001:00010a20       __scrt_initialize_mta      0000000180011a20 f   MSVCRT:utility_desktop.obj
 0001:00010a28       __scrt_initialize_winrt    0000000180011a28 f   MSVCRT:utility_desktop.obj
 0001:00010a2c       __scrt_is_managed_app      0000000180011a2c f   MSVCRT:utility_desktop.obj
 0001:00010a80       __scrt_set_unhandled_exception_filter 0000000180011a80 f   MSVCRT:utility_desktop.obj
 0001:00010a90       __scrt_stub_for_initialize_mta 0000000180011a90 f   MSVCRT:utility_desktop.obj
 0001:00010a90       __scrt_exe_initialize_mta  0000000180011a90 f   MSVCRT:utility_desktop.obj
 0001:00010a94       __scrt_unhandled_exception_filter 0000000180011a94 f   MSVCRT:utility_desktop.obj
 0001:00010acc       _RTC_Initialize            0000000180011acc f   MSVCRT:initsect.obj
 0001:00010b08       _RTC_Terminate             0000000180011b08 f   MSVCRT:initsect.obj
 0001:00010b44       _guard_check_icall_nop     0000000180011b44 f i MSVCRT:guard_support.obj
 0001:00010b48       ReadNoFence64              0000000180011b48 f i MSVCRT:guard_support.obj
 0001:00010b4c       ReadPointerNoFence         0000000180011b4c f i MSVCRT:guard_support.obj
 0001:00010b50       _guard_icall_checks_enforced 0000000180011b50 f i MSVCRT:guard_support.obj
 0001:00010b68       _guard_rf_checks_enforced  0000000180011b68 f i MSVCRT:guard_support.obj
 0001:00010b6c       __isa_available_init       0000000180011b6c f   MSVCRT:cpu_disp.obj
 0001:00010ce8       _get_startup_argv_mode     0000000180011ce8 f   MSVCRT:argv_mode.obj
 0001:00010cf0       __scrt_is_ucrt_dll_in_use  0000000180011cf0 f   MSVCRT:ucrt_detection.obj
 0001:00010d00       RtlCaptureContext          0000000180011d00 f   kernel32:KERNEL32.dll
 0001:00010d06       RtlLookupFunctionEntry     0000000180011d06 f   kernel32:KERNEL32.dll
 0001:00010d0c       RtlVirtualUnwind           0000000180011d0c f   kernel32:KERNEL32.dll
 0001:00010d12       UnhandledExceptionFilter   0000000180011d12 f   kernel32:KERNEL32.dll
 0001:00010d18       SetUnhandledExceptionFilter 0000000180011d18 f   kernel32:KERNEL32.dll
 0001:00010d1e       GetCurrentProcess          0000000180011d1e f   kernel32:KERNEL32.dll
 0001:00010d24       TerminateProcess           0000000180011d24 f   kernel32:KERNEL32.dll
 0001:00010d2a       IsProcessorFeaturePresent  0000000180011d2a f   kernel32:KERNEL32.dll
 0001:00010d30       QueryPerformanceCounter    0000000180011d30 f   kernel32:KERNEL32.dll
 0001:00010d36       GetCurrentProcessId        0000000180011d36 f   kernel32:KERNEL32.dll
 0001:00010d3c       GetCurrentThreadId         0000000180011d3c f   kernel32:KERNEL32.dll
 0001:00010d42       GetSystemTimeAsFileTime    0000000180011d42 f   kernel32:KERNEL32.dll
 0001:00010d48       DisableThreadLibraryCalls  0000000180011d48 f   kernel32:KERNEL32.dll
 0001:00010d4e       InitializeSListHead        0000000180011d4e f   kernel32:KERNEL32.dll
 0001:00010d54       IsDebuggerPresent          0000000180011d54 f   kernel32:KERNEL32.dll
 0001:00010d5a       GetStartupInfoW            0000000180011d5a f   kernel32:KERNEL32.dll
 0001:00010d60       GetModuleHandleW           0000000180011d60 f   kernel32:KERNEL32.dll
 0001:00010d66       memset                     0000000180011d66 f   vcruntime:VCRUNTIME140.dll
 0001:00010d6c       memcpy                     0000000180011d6c f   vcruntime:VCRUNTIME140.dll
 0001:00010d72       __C_specific_handler       0000000180011d72 f   vcruntime:VCRUNTIME140.dll
 0001:00010d78       __std_type_info_destroy_list 0000000180011d78 f   vcruntime:VCRUNTIME140.dll
 0001:00010d7e       strcmp                     0000000180011d7e f   ucrt:api-ms-win-crt-string-l1-1-0.dll
 0001:00010d84       strcat                     0000000180011d84 f   ucrt:api-ms-win-crt-string-l1-1-0.dll
 0001:00010d8a       __stdio_common_vsprintf    0000000180011d8a f   ucrt:api-ms-win-crt-stdio-l1-1-0.dll
 0001:00010d90       free                       0000000180011d90 f   ucrt:api-ms-win-crt-heap-l1-1-0.dll
 0001:00010d96       malloc                     0000000180011d96 f   ucrt:api-ms-win-crt-heap-l1-1-0.dll
 0001:00010d9c       strlen                     0000000180011d9c f   ucrt:api-ms-win-crt-string-l1-1-0.dll
 0001:00010da2       _initterm                  0000000180011da2 f   ucrt:api-ms-win-crt-runtime-l1-1-0.dll
 0001:00010da8       _initterm_e                0000000180011da8 f   ucrt:api-ms-win-crt-runtime-l1-1-0.dll
 0001:00010dae       _seh_filter_dll            0000000180011dae f   ucrt:api-ms-win-crt-runtime-l1-1-0.dll
 0001:00010db4       _configure_narrow_argv     0000000180011db4 f   ucrt:api-ms-win-crt-runtime-l1-1-0.dll
 0001:00010dba       _initialize_narrow_environment 0000000180011dba f   ucrt:api-ms-win-crt-runtime-l1-1-0.dll
 0001:00010dc0       _initialize_onexit_table   0000000180011dc0 f   ucrt:api-ms-win-crt-runtime-l1-1-0.dll
 0001:00010dc6       _register_onexit_function  0000000180011dc6 f   ucrt:api-ms-win-crt-runtime-l1-1-0.dll
 0001:00010dcc       _execute_onexit_table      0000000180011dcc f   ucrt:api-ms-win-crt-runtime-l1-1-0.dll
 0001:00010dd2       _crt_atexit                0000000180011dd2 f   ucrt:api-ms-win-crt-runtime-l1-1-0.dll
 0001:00010dd8       _crt_at_quick_exit         0000000180011dd8 f   ucrt:api-ms-win-crt-runtime-l1-1-0.dll
 0001:00010dde       _cexit                     0000000180011dde f   ucrt:api-ms-win-crt-runtime-l1-1-0.dll
 0001:00010de4       terminate                  0000000180011de4 f   ucrt:api-ms-win-crt-runtime-l1-1-0.dll
 0001:00010dec       __scrt_stub_for_acrt_initialize 0000000180011dec f   MSVCRT:ucrt_stubs.obj
 0001:00010dec       __acrt_initialize          0000000180011dec f   MSVCRT:ucrt_stubs.obj
 0001:00010dec       __vcrt_initialize          0000000180011dec f   MSVCRT:ucrt_stubs.obj
 0001:00010df0       __vcrt_thread_attach       0000000180011df0 f   MSVCRT:ucrt_stubs.obj
 0001:00010df0       __scrt_stub_for_acrt_thread_attach 0000000180011df0 f   MSVCRT:ucrt_stubs.obj
 0001:00010df0       __acrt_thread_attach       0000000180011df0 f   MSVCRT:ucrt_stubs.obj
 0001:00010df4       __scrt_stub_for_acrt_thread_detach 0000000180011df4 f   MSVCRT:ucrt_stubs.obj
 0001:00010df4       __vcrt_thread_detach       0000000180011df4 f   MSVCRT:ucrt_stubs.obj
 0001:00010df4       __acrt_thread_detach       0000000180011df4 f   MSVCRT:ucrt_stubs.obj
 0001:00010df8       __acrt_uninitialize        0000000180011df8 f   MSVCRT:ucrt_stubs.obj
 0001:00010df8       __vcrt_uninitialize        0000000180011df8 f   MSVCRT:ucrt_stubs.obj
 0001:00010df8       __scrt_stub_for_acrt_uninitialize 0000000180011df8 f   MSVCRT:ucrt_stubs.obj
 0001:00010dfc       __vcrt_uninitialize_critical 0000000180011dfc f   MSVCRT:ucrt_stubs.obj
 0001:00010dfc       __scrt_stub_for_acrt_uninitialize_critical 0000000180011dfc f   MSVCRT:ucrt_stubs.obj
 0001:00010dfc       __acrt_uninitialize_critical 0000000180011dfc f   MSVCRT:ucrt_stubs.obj
 0001:00010e00       _is_c_termination_complete 0000000180011e00 f   MSVCRT:ucrt_stubs.obj
 0001:00010e00       __scrt_stub_for_is_c_termination_complete 0000000180011e00 f   MSVCRT:ucrt_stubs.obj
 0001:00010e20       _guard_dispatch_icall_nop  0000000180011e20 f   MSVCRT:guard_dispatch.obj
 0002:00000000       __imp_GetStartupInfoW      0000000180012000     kernel32:KERNEL32.dll
 0002:00000008       __imp_IsProcessorFeaturePresent 0000000180012008     kernel32:KERNEL32.dll
 0002:00000010       __imp_RtlCaptureContext    0000000180012010     kernel32:KERNEL32.dll
 0002:00000018       __imp_RtlLookupFunctionEntry 0000000180012018     kernel32:KERNEL32.dll
 0002:00000020       __imp_QueryPerformanceCounter 0000000180012020     kernel32:KERNEL32.dll
 0002:00000028       __imp_GetCurrentProcessId  0000000180012028     kernel32:KERNEL32.dll
 0002:00000030       __imp_GetCurrentThreadId   0000000180012030     kernel32:KERNEL32.dll
 0002:00000038       __imp_GetSystemTimeAsFileTime 0000000180012038     kernel32:KERNEL32.dll
 0002:00000040       __imp_DisableThreadLibraryCalls 0000000180012040     kernel32:KERNEL32.dll
 0002:00000048       __imp_InitializeSListHead  0000000180012048     kernel32:KERNEL32.dll
 0002:00000050       __imp_IsDebuggerPresent    0000000180012050     kernel32:KERNEL32.dll
 0002:00000058       __imp_GetModuleHandleW     0000000180012058     kernel32:KERNEL32.dll
 0002:00000060       __imp_GetCurrentProcess    0000000180012060     kernel32:KERNEL32.dll
 0002:00000068       __imp_SetUnhandledExceptionFilter 0000000180012068     kernel32:KERNEL32.dll
 0002:00000070       __imp_UnhandledExceptionFilter 0000000180012070     kernel32:KERNEL32.dll
 0002:00000078       __imp_RtlVirtualUnwind     0000000180012078     kernel32:KERNEL32.dll
 0002:00000080       __imp_TerminateProcess     0000000180012080     kernel32:KERNEL32.dll
 0002:00000088       \177KERNEL32_NULL_THUNK_DATA 0000000180012088     kernel32:KERNEL32.dll
 0002:00000090       __imp___std_type_info_destroy_list 0000000180012090     vcruntime:VCRUNTIME140.dll
 0002:00000098       __imp_memset               0000000180012098     vcruntime:VCRUNTIME140.dll
 0002:000000a0       __imp_memcpy               00000001800120a0     vcruntime:VCRUNTIME140.dll
 0002:000000a8       __imp___C_specific_handler 00000001800120a8     vcruntime:VCRUNTIME140.dll
 0002:000000b0       \177VCRUNTIME140_NULL_THUNK_DATA 00000001800120b0     vcruntime:VCRUNTIME140.dll
 0002:000000b8       __imp_malloc               00000001800120b8     ucrt:api-ms-win-crt-heap-l1-1-0.dll
 0002:000000c0       __imp_free                 00000001800120c0     ucrt:api-ms-win-crt-heap-l1-1-0.dll
 0002:000000c8       \177api-ms-win-crt-heap-l1-1-0_NULL_THUNK_DATA 00000001800120c8     ucrt:api-ms-win-crt-heap-l1-1-0.dll
 0002:000000d0       __imp__initterm_e          00000001800120d0     ucrt:api-ms-win-crt-runtime-l1-1-0.dll
 0002:000000d8       __imp__initialize_narrow_environment 00000001800120d8     ucrt:api-ms-win-crt-runtime-l1-1-0.dll
 0002:000000e0       __imp__seh_filter_dll      00000001800120e0     ucrt:api-ms-win-crt-runtime-l1-1-0.dll
 0002:000000e8       __imp__configure_narrow_argv 00000001800120e8     ucrt:api-ms-win-crt-runtime-l1-1-0.dll
 0002:000000f0       __imp__initialize_onexit_table 00000001800120f0     ucrt:api-ms-win-crt-runtime-l1-1-0.dll
 0002:000000f8       __imp__register_onexit_function 00000001800120f8     ucrt:api-ms-win-crt-runtime-l1-1-0.dll
 0002:00000100       __imp__execute_onexit_table 0000000180012100     ucrt:api-ms-win-crt-runtime-l1-1-0.dll
 0002:00000108       __imp__crt_atexit          0000000180012108     ucrt:api-ms-win-crt-runtime-l1-1-0.dll
 0002:00000110       __imp__crt_at_quick_exit   0000000180012110     ucrt:api-ms-win-crt-runtime-l1-1-0.dll
 0002:00000118       __imp__cexit               0000000180012118     ucrt:api-ms-win-crt-runtime-l1-1-0.dll
 0002:00000120       __imp_terminate            0000000180012120     ucrt:api-ms-win-crt-runtime-l1-1-0.dll
 0002:00000128       __imp__initterm            0000000180012128     ucrt:api-ms-win-crt-runtime-l1-1-0.dll
 0002:00000130       \177api-ms-win-crt-runtime-l1-1-0_NULL_THUNK_DATA 0000000180012130     ucrt:api-ms-win-crt-runtime-l1-1-0.dll
 0002:00000138       __imp___stdio_common_vsprintf 0000000180012138     ucrt:api-ms-win-crt-stdio-l1-1-0.dll
 0002:00000140       \177api-ms-win-crt-stdio-l1-1-0_NULL_THUNK_DATA 0000000180012140     ucrt:api-ms-win-crt-stdio-l1-1-0.dll
 0002:00000148       __imp_strlen               0000000180012148     ucrt:api-ms-win-crt-string-l1-1-0.dll
 0002:00000150       __imp_strcat               0000000180012150     ucrt:api-ms-win-crt-string-l1-1-0.dll
 0002:00000158       __imp_strcmp               0000000180012158     ucrt:api-ms-win-crt-string-l1-1-0.dll
 0002:00000160       \177api-ms-win-crt-string-l1-1-0_NULL_THUNK_DATA 0000000180012160     ucrt:api-ms-win-crt-string-l1-1-0.dll
 0002:00000168       __imp_covrtCreateStateflowInstanceData 0000000180012168     libcovrt:libcovrt.dll
 0002:00000170       __imp_covrtEmlFcnEval      0000000180012170     libcovrt:libcovrt.dll
 0002:00000178       __imp_covrtEmlFcnInitFcn   0000000180012178     libcovrt:libcovrt.dll
 0002:00000180       __imp_covrtEmlInitFcn      0000000180012180     libcovrt:libcovrt.dll
 0002:00000188       __imp_covrtSigUpdateFcn    0000000180012188     libcovrt:libcovrt.dll
 0002:00000190       __imp_covrtChartInitFcn    0000000180012190     libcovrt:libcovrt.dll
 0002:00000198       __imp_covrtStateInitFcn    0000000180012198     libcovrt:libcovrt.dll
 0002:000001a0       __imp_covrtTransInitFcn    00000001800121a0     libcovrt:libcovrt.dll
 0002:000001a8       __imp_covrtDeleteStateflowInstanceData 00000001800121a8     libcovrt:libcovrt.dll
 0002:000001b0       \177libcovrt_NULL_THUNK_DATA 00000001800121b0     libcovrt:libcovrt.dll
 0002:000001b8       __imp_emlrtIntegerCheckR2012b 00000001800121b8     libemlrt:libemlrt.dll
 0002:000001c0       __imp_emlrtDynamicBoundsCheckR2012b 00000001800121c0     libemlrt:libemlrt.dll
 0002:000001c8       __imp_emlrtLicenseCheckR2012b 00000001800121c8     libemlrt:libemlrt.dll
 0002:000001d0       \177libemlrt_NULL_THUNK_DATA 00000001800121d0     libemlrt:libemlrt.dll
 0002:000001d8       __imp_mexIsLocked_800      00000001800121d8     libmex:libmex.dll
 0002:000001e0       __imp_mexUnlock_800        00000001800121e0     libmex:libmex.dll
 0002:000001e8       __imp_mexLock_800          00000001800121e8     libmex:libmex.dll
 0002:000001f0       __imp_mexCallMATLAB_800    00000001800121f0     libmex:libmex.dll
 0002:000001f8       __imp_mexWarnMsgTxt_800    00000001800121f8     libmex:libmex.dll
 0002:00000200       __imp_mexErrMsgTxt_800     0000000180012200     libmex:libmex.dll
 0002:00000208       __imp_mexMakeArrayPersistent_800 0000000180012208     libmex:libmex.dll
 0002:00000210       \177libmex_NULL_THUNK_DATA 0000000180012210     libmex:libmex.dll
 0002:00000218       __imp_bwlookup_tbb_boolean 0000000180012218     libmwbwlookup_tbb:libmwbwlookup_tbb.dll
 0002:00000220       \177libmwbwlookup_tbb_NULL_THUNK_DATA 0000000180012220     libmwbwlookup_tbb:libmwbwlookup_tbb.dll
 0002:00000228       __imp_muDoubleScalarIsNaN  0000000180012228     libmwmathutil:libmwmathutil.dll
 0002:00000230       \177libmwmathutil_NULL_THUNK_DATA 0000000180012230     libmwmathutil:libmwmathutil.dll
 0002:00000238       __imp_dilate_binary_twod_tbb 0000000180012238     libmwmorphop_binary_tbb:libmwmorphop_binary_tbb.dll
 0002:00000240       __imp_erode_binary_twod_tbb 0000000180012240     libmwmorphop_binary_tbb:libmwmorphop_binary_tbb.dll
 0002:00000248       \177libmwmorphop_binary_tbb_NULL_THUNK_DATA 0000000180012248     libmwmorphop_binary_tbb:libmwmorphop_binary_tbb.dll
 0002:00000250       __imp_mxGetClassID_800     0000000180012250     libmx:libmx.dll
 0002:00000258       __imp_mxIsNumeric_800      0000000180012258     libmx:libmx.dll
 0002:00000260       __imp_mxIsComplex_800      0000000180012260     libmx:libmx.dll
 0002:00000268       __imp_mxGetN_800           0000000180012268     libmx:libmx.dll
 0002:00000270       __imp_mxGetM_800           0000000180012270     libmx:libmx.dll
 0002:00000278       __imp_mxCreateDoubleScalar_800 0000000180012278     libmx:libmx.dll
 0002:00000280       __imp_mxCreateStructMatrix_800 0000000180012280     libmx:libmx.dll
 0002:00000288       __imp_mxCreateCellMatrix_800 0000000180012288     libmx:libmx.dll
 0002:00000290       __imp_mxCreateString_800   0000000180012290     libmx:libmx.dll
 0002:00000298       __imp_mxSetField_800       0000000180012298     libmx:libmx.dll
 0002:000002a0       __imp_mxSetCell_800        00000001800122a0     libmx:libmx.dll
 0002:000002a8       __imp_mxDuplicateArray_800 00000001800122a8     libmx:libmx.dll
 0002:000002b0       __imp_mxGetString_800      00000001800122b0     libmx:libmx.dll
 0002:000002b8       __imp_mxCreateDoubleMatrix_800 00000001800122b8     libmx:libmx.dll
 0002:000002c0       __imp_mxDestroyArray_800   00000001800122c0     libmx:libmx.dll
 0002:000002c8       __imp_mxGetPr_800          00000001800122c8     libmx:libmx.dll
 0002:000002d0       __imp_mxGetScalar_800      00000001800122d0     libmx:libmx.dll
 0002:000002d8       __imp_mxIsChar_800         00000001800122d8     libmx:libmx.dll
 0002:000002e0       __imp_mxCalloc_800         00000001800122e0     libmx:libmx.dll
 0002:000002e8       \177libmx_NULL_THUNK_DATA  00000001800122e8     libmx:libmx.dll
 0002:000002f0       __imp_utMalloc             00000001800122f0     libut:libut.dll
 0002:000002f8       __imp_utFree               00000001800122f8     libut:libut.dll
 0002:00000300       \177libut_NULL_THUNK_DATA  0000000180012300     libut:libut.dll
 0002:00000308       __imp_callMdlMethodAndReportError 0000000180012308     sf_runtime:sf_runtime.dll
 0002:00000310       __imp_sf_get_hasSeparateUpdateOutputs 0000000180012310     sf_runtime:sf_runtime.dll
 0002:00000318       __imp_sf_get_ChartInfoStruct_CodeGen 0000000180012318     sf_runtime:sf_runtime.dll
 0002:00000320       __imp_ssGetOutputPortSignal_wrapper 0000000180012320     sf_runtime:sf_runtime.dll
 0002:00000328       __imp_sf_clear_error_manager_info 0000000180012328     sf_runtime:sf_runtime.dll
 0002:00000330       __imp_sf_mex_import        0000000180012330     sf_runtime:sf_runtime.dll
 0002:00000338       __imp_sf_mex_destroy       0000000180012338     sf_runtime:sf_runtime.dll
 0002:00000340       __imp_sf_mex_dup           0000000180012340     sf_runtime:sf_runtime.dll
 0002:00000348       __imp_sf_mex_assign        0000000180012348     sf_runtime:sf_runtime.dll
 0002:00000350       __imp_sf_mex_getcell       0000000180012350     sf_runtime:sf_runtime.dll
 0002:00000358       __imp_sf_mex_setcell       0000000180012358     sf_runtime:sf_runtime.dll
 0002:00000360       __imp_sf_mex_createcellmatrix 0000000180012360     sf_runtime:sf_runtime.dll
 0002:00000368       __imp_sf_mex_create        0000000180012368     sf_runtime:sf_runtime.dll
 0002:00000370       __imp_sf_mex_error_message 0000000180012370     sf_runtime:sf_runtime.dll
 0002:00000378       __imp_sf_mex_call          0000000180012378     sf_runtime:sf_runtime.dll
 0002:00000380       __imp_sfListenerInitializeRuntimeVars 0000000180012380     sf_runtime:sf_runtime.dll
 0002:00000388       __imp_sfListenerLightTerminate 0000000180012388     sf_runtime:sf_runtime.dll
 0002:00000390       __imp_call_sf_machine_global_method_dispatcher 0000000180012390     sf_runtime:sf_runtime.dll
 0002:00000398       __imp_sf_set_work_widths   0000000180012398     sf_runtime:sf_runtime.dll
 0002:000003a0       __imp_sf_warn_if_symbolic_dimension_param_changed 00000001800123a0     sf_runtime:sf_runtime.dll
 0002:000003a8       __imp_setDebuggerFlag      00000001800123a8     sf_runtime:sf_runtime.dll
 0002:000003b0       __imp_setLegacyDebuggerFlag 00000001800123b0     sf_runtime:sf_runtime.dll
 0002:000003b8       __imp_setDataBrowseFcn     00000001800123b8     sf_runtime:sf_runtime.dll
 0002:000003c0       __imp_sfDoAnimationWrapper 00000001800123c0     sf_runtime:sf_runtime.dll
 0002:000003c8       __imp_sf_get_time          00000001800123c8     sf_runtime:sf_runtime.dll
 0002:000003d0       __imp_sf_clear_rtw_identifier 00000001800123d0     sf_runtime:sf_runtime.dll
 0002:000003d8       __imp_sim_mode_is_external 00000001800123d8     sf_runtime:sf_runtime.dll
 0002:000003e0       __imp_sim_mode_is_rtw_gen  00000001800123e0     sf_runtime:sf_runtime.dll
 0002:000003e8       __imp_sf_get_chart_instance_ptr 00000001800123e8     sf_runtime:sf_runtime.dll
 0002:000003f0       __imp_sfrtGetCovrtInstance 00000001800123f0     sf_runtime:sf_runtime.dll
 0002:000003f8       __imp_sfrtGetEmlrtCtx      00000001800123f8     sf_runtime:sf_runtime.dll
 0002:00000400       __imp_sf_free_ChartRunTimeInfo 0000000180012400     sf_runtime:sf_runtime.dll
 0002:00000408       __imp_sf_init_ChartRunTimeInfo 0000000180012408     sf_runtime:sf_runtime.dll
 0002:00000410       __imp_sf_mex_decode        0000000180012410     sf_runtime:sf_runtime.dll
 0002:00000418       __imp_sf_load_rtw_optimization_info 0000000180012418     sf_runtime:sf_runtime.dll
 0002:00000420       __imp_getRuntimeInstanceInfoAsVoid 0000000180012420     sf_runtime:sf_runtime.dll
 0002:00000428       __imp_sfListenerCacheSimStruct 0000000180012428     sf_runtime:sf_runtime.dll
 0002:00000430       __imp_sf_mex_error_direct_call 0000000180012430     sf_runtime:sf_runtime.dll
 0002:00000438       __imp_ssGetInputPortSignal_wrapper 0000000180012438     sf_runtime:sf_runtime.dll
 0002:00000440       \177sf_runtime_NULL_THUNK_DATA 0000000180012440     sf_runtime:sf_runtime.dll
 0002:00000448       __guard_check_icall_fptr   0000000180012448     MSVCRT:guard_support.obj
 0002:00000450       __guard_dispatch_icall_fptr 0000000180012450     MSVCRT:guard_support.obj
 0002:00000458       __xc_a                     0000000180012458     MSVCRT:initializers.obj
 0002:00000460       __xc_z                     0000000180012460     MSVCRT:initializers.obj
 0002:00000468       __xi_a                     0000000180012468     MSVCRT:initializers.obj
 0002:00000470       __xi_z                     0000000180012470     MSVCRT:initializers.obj
 0002:00000478       __xp_a                     0000000180012478     MSVCRT:initializers.obj
 0002:00000480       __xp_z                     0000000180012480     MSVCRT:initializers.obj
 0002:00000488       __xt_a                     0000000180012488     MSVCRT:initializers.obj
 0002:00000490       __xt_z                     0000000180012490     MSVCRT:initializers.obj
 0002:00000608       __real@41985f6148000000    0000000180012608     flightControlSystem_sfun.obj
 0002:00000610       __real@41a08d962e000000    0000000180012610     flightControlSystem_sfun.obj
 0002:00000618       __real@41b92f8712000000    0000000180012618     flightControlSystem_sfun.obj
 0002:00000620       __real@41bad2f744000000    0000000180012620     flightControlSystem_sfun.obj
 0002:00000628       __real@41c71cd4fa800000    0000000180012628     flightControlSystem_sfun.obj
 0002:00000630       __real@41d293d5f3800000    0000000180012630     flightControlSystem_sfun.obj
 0002:00000638       __real@41df84fbea400000    0000000180012638     flightControlSystem_sfun.obj
 0002:00000640       __real@41e00f656de00000    0000000180012640     flightControlSystem_sfun.obj
 0002:00000648       __real@41e2a83cdb800000    0000000180012648     flightControlSystem_sfun.obj
 0002:00000650       __real@41e3f2a9e2200000    0000000180012650     flightControlSystem_sfun.obj
 0002:00000658       __real@41e3fa3198000000    0000000180012658     flightControlSystem_sfun.obj
 0002:00000660       __real@41e80716b4e00000    0000000180012660     flightControlSystem_sfun.obj
 0002:00001f88       __real@3ff0000000000000    0000000180013f88     c4_flightControlSystem.obj
 0002:00001f90       __real@4000000000000000    0000000180013f90     c4_flightControlSystem.obj
 0002:00001f98       __real@4014000000000000    0000000180013f98     c4_flightControlSystem.obj
 0002:00001fa0       __real@4044000000000000    0000000180013fa0     c4_flightControlSystem.obj
 0002:00001fa8       __real@405e000000000000    0000000180013fa8     c4_flightControlSystem.obj
 0002:00001fb0       __real@405f800000000000    0000000180013fb0     c4_flightControlSystem.obj
 0002:00001fb8       __real@4080000000000000    0000000180013fb8     c4_flightControlSystem.obj
 0002:00001fc0       __real@41ae2c9d5e000000    0000000180013fc0     c4_flightControlSystem.obj
 0002:00001fc8       __real@41e1c9e83dc00000    0000000180013fc8     c4_flightControlSystem.obj
 0002:00001fd0       __real@41ec118a30600000    0000000180013fd0     c4_flightControlSystem.obj
 0002:00001fd8       __real@41eeb162db200000    0000000180013fd8     c4_flightControlSystem.obj
 0002:000044f8       __real@0000000000000000    00000001800164f8     flightControlSystem_sfun_registry.obj
 0002:00004500       __real@4010000000000000    0000000180016500     flightControlSystem_sfun_registry.obj
 0002:00004508       __real@41602cbca0000000    0000000180016508     flightControlSystem_sfun_registry.obj
 0002:00004510       __real@bff0000000000000    0000000180016510     flightControlSystem_sfun_registry.obj
 0002:00004528       _pDefaultRawDllMain        0000000180016528     MSVCRT:dll_dllmain.obj
 0002:00004528       _pRawDllMain               0000000180016528     MSVCRT:dll_dllmain.obj
 0002:00004550       _load_config_used          0000000180016550     MSVCRT:loadcfg.obj
 0002:00004868       __rtc_iaa                  0000000180016868     MSVCRT:initsect.obj
 0002:00004870       __rtc_izz                  0000000180016870     MSVCRT:initsect.obj
 0002:00004878       __rtc_taa                  0000000180016878     MSVCRT:initsect.obj
 0002:00004880       __rtc_tzz                  0000000180016880     MSVCRT:initsect.obj
 0002:00005214       __IMPORT_DESCRIPTOR_libmwbwlookup_tbb 0000000180017214     libmwbwlookup_tbb:libmwbwlookup_tbb.dll
 0002:00005228       __IMPORT_DESCRIPTOR_libmwmorphop_binary_tbb 0000000180017228     libmwmorphop_binary_tbb:libmwmorphop_binary_tbb.dll
 0002:0000523c       __IMPORT_DESCRIPTOR_sf_runtime 000000018001723c     sf_runtime:sf_runtime.dll
 0002:00005250       __IMPORT_DESCRIPTOR_libmx  0000000180017250     libmx:libmx.dll
 0002:00005264       __IMPORT_DESCRIPTOR_libmex 0000000180017264     libmex:libmex.dll
 0002:00005278       __IMPORT_DESCRIPTOR_libut  0000000180017278     libut:libut.dll
 0002:0000528c       __IMPORT_DESCRIPTOR_libmwmathutil 000000018001728c     libmwmathutil:libmwmathutil.dll
 0002:000052a0       __IMPORT_DESCRIPTOR_libemlrt 00000001800172a0     libemlrt:libemlrt.dll
 0002:000052b4       __IMPORT_DESCRIPTOR_libcovrt 00000001800172b4     libcovrt:libcovrt.dll
 0002:000052c8       __IMPORT_DESCRIPTOR_KERNEL32 00000001800172c8     kernel32:KERNEL32.dll
 0002:000052dc       __IMPORT_DESCRIPTOR_VCRUNTIME140 00000001800172dc     vcruntime:VCRUNTIME140.dll
 0002:000052f0       __IMPORT_DESCRIPTOR_api-ms-win-crt-string-l1-1-0 00000001800172f0     ucrt:api-ms-win-crt-string-l1-1-0.dll
 0002:00005304       __IMPORT_DESCRIPTOR_api-ms-win-crt-stdio-l1-1-0 0000000180017304     ucrt:api-ms-win-crt-stdio-l1-1-0.dll
 0002:00005318       __IMPORT_DESCRIPTOR_api-ms-win-crt-heap-l1-1-0 0000000180017318     ucrt:api-ms-win-crt-heap-l1-1-0.dll
 0002:0000532c       __IMPORT_DESCRIPTOR_api-ms-win-crt-runtime-l1-1-0 000000018001732c     ucrt:api-ms-win-crt-runtime-l1-1-0.dll
 0002:00005340       __NULL_IMPORT_DESCRIPTOR   0000000180017340     libmwbwlookup_tbb:libmwbwlookup_tbb.dll
 0003:00009610       DYNAMIC_DIMENSION          0000000180022610     flightControlSystem_sfun_registry.obj
 0003:00009640       __security_cookie_complement 0000000180022640     MSVCRT:gs_cookie.obj
 0003:00009648       __security_cookie          0000000180022648     MSVCRT:gs_cookie.obj
 0003:00009650       _fltused                   0000000180022650     MSVCRT:fltused.obj
 0003:00009660       __scrt_native_dllmain_reason 0000000180022660     MSVCRT:utility.obj
 0003:00009668       __isa_available            0000000180022668     MSVCRT:cpu_disp.obj
 0003:0000966c       __isa_enabled              000000018002266c     MSVCRT:cpu_disp.obj
 0003:00009670       __memcpy_nt_iters          0000000180022670     MSVCRT:cpu_disp.obj
 0003:00009680       __scrt_ucrt_dll_is_in_use  0000000180022680     MSVCRT:ucrt_stubs.obj
 0003:00009bb8       ?_OptionsStorage@?1??__local_stdio_printf_options@@9@4_KA 0000000180022bb8     flightControlSystem_sfun_registry.obj
 0003:0000a150       ?__type_info_root_node@@3U__type_info_node@@A 0000000180023150     MSVCRT:tncleanup.obj
 0003:0000a160       ?_OptionsStorage@?1??__local_stdio_scanf_options@@9@4_KA 0000000180023160     MSVCRT:default_local_stdio_options.obj
 0003:0000a168       __scrt_current_native_startup_state 0000000180023168     MSVCRT:utility.obj
 0003:0000a170       __scrt_native_startup_lock 0000000180023170     MSVCRT:utility.obj
 0003:0000a1b0       __scrt_debugger_hook_flag  00000001800231b0     MSVCRT:utility_desktop.obj
 0003:0000a1b4       __favor                    00000001800231b4     MSVCRT:cpu_disp.obj
 0003:0000a1b8       __dyn_tls_init_callback    00000001800231b8     <common>

 entry point at        0001:000101c8

 Static symbols

 0000:00000000       .debug$S                   0000000180000000     sf_runtime:sf_runtime.dll
 0000:00000000       .debug$S                   0000000180000000     libcovrt:libcovrt.dll
 0000:00000000       .debug$S                   0000000180000000     libcovrt:libcovrt.dll
 0000:00000000       .debug$S                   0000000180000000     libcovrt:libcovrt.dll
 0000:00000000       .debug$S                   0000000180000000     libcovrt:libcovrt.dll
 0000:00000000       .debug$S                   0000000180000000     libcovrt:libcovrt.dll
 0000:00000000       .debug$S                   0000000180000000     flightControlSystem_sfun.exp
 0000:00000000       .debug$S                   0000000180000000     sf_runtime:sf_runtime.dll
 0000:00000000       .debug$S                   0000000180000000     libcovrt:libcovrt.dll
 0000:00000000       .debug$S                   0000000180000000     libcovrt:libcovrt.dll
 0000:00000000       .debug$S                   0000000180000000     sf_runtime:sf_runtime.dll
 0000:00000000       .debug$S                   0000000180000000     sf_runtime:sf_runtime.dll
 0000:00000000       .debug$S                   0000000180000000     ucrt:api-ms-win-crt-runtime-l1-1-0.dll
 0000:00000000       .debug$S                   0000000180000000     ucrt:api-ms-win-crt-runtime-l1-1-0.dll
 0000:00000000       .debug$S                   0000000180000000     ucrt:api-ms-win-crt-runtime-l1-1-0.dll
 0000:00000000       .debug$S                   0000000180000000     ucrt:api-ms-win-crt-runtime-l1-1-0.dll
 0000:00000000       .debug$S                   0000000180000000     ucrt:api-ms-win-crt-runtime-l1-1-0.dll
 0000:00000000       .debug$S                   0000000180000000     ucrt:api-ms-win-crt-runtime-l1-1-0.dll
 0000:00000000       .debug$S                   0000000180000000     ucrt:api-ms-win-crt-runtime-l1-1-0.dll
 0000:00000000       .debug$S                   0000000180000000     ucrt:api-ms-win-crt-runtime-l1-1-0.dll
 0000:00000000       .debug$S                   0000000180000000     ucrt:api-ms-win-crt-runtime-l1-1-0.dll
 0000:00000000       .debug$S                   0000000180000000     ucrt:api-ms-win-crt-runtime-l1-1-0.dll
 0000:00000000       .debug$S                   0000000180000000     ucrt:api-ms-win-crt-runtime-l1-1-0.dll
 0000:00000000       .debug$S                   0000000180000000     ucrt:api-ms-win-crt-runtime-l1-1-0.dll
 0000:00000000       .debug$S                   0000000180000000     ucrt:api-ms-win-crt-string-l1-1-0.dll
 0000:00000000       .debug$S                   0000000180000000     ucrt:api-ms-win-crt-heap-l1-1-0.dll
 0000:00000000       .debug$S                   0000000180000000     ucrt:api-ms-win-crt-heap-l1-1-0.dll
 0000:00000000       .debug$S                   0000000180000000     ucrt:api-ms-win-crt-stdio-l1-1-0.dll
 0000:00000000       .debug$S                   0000000180000000     ucrt:api-ms-win-crt-string-l1-1-0.dll
 0000:00000000       .debug$S                   0000000180000000     ucrt:api-ms-win-crt-string-l1-1-0.dll
 0000:00000000       .debug$S                   0000000180000000     libcovrt:libcovrt.dll
 0000:00000000       .debug$S                   0000000180000000     vcruntime:VCRUNTIME140.dll
 0000:00000000       .debug$S                   0000000180000000     vcruntime:VCRUNTIME140.dll
 0000:00000000       .debug$S                   0000000180000000     vcruntime:VCRUNTIME140.dll
 0000:00000000       .debug$S                   0000000180000000     vcruntime:VCRUNTIME140.dll
 0000:00000000       .debug$S                   0000000180000000     sf_runtime:sf_runtime.dll
 0000:00000000       .debug$S                   0000000180000000     kernel32:KERNEL32.dll
 0000:00000000       .debug$S                   0000000180000000     kernel32:KERNEL32.dll
 0000:00000000       .debug$S                   0000000180000000     kernel32:KERNEL32.dll
 0000:00000000       .debug$S                   0000000180000000     kernel32:KERNEL32.dll
 0000:00000000       .debug$S                   0000000180000000     kernel32:KERNEL32.dll
 0000:00000000       .debug$S                   0000000180000000     kernel32:KERNEL32.dll
 0000:00000000       .debug$S                   0000000180000000     kernel32:KERNEL32.dll
 0000:00000000       .debug$S                   0000000180000000     kernel32:KERNEL32.dll
 0000:00000000       .debug$S                   0000000180000000     kernel32:KERNEL32.dll
 0000:00000000       .debug$S                   0000000180000000     kernel32:KERNEL32.dll
 0000:00000000       .debug$S                   0000000180000000     kernel32:KERNEL32.dll
 0000:00000000       .debug$S                   0000000180000000     kernel32:KERNEL32.dll
 0000:00000000       .debug$S                   0000000180000000     kernel32:KERNEL32.dll
 0000:00000000       .debug$S                   0000000180000000     kernel32:KERNEL32.dll
 0000:00000000       .debug$S                   0000000180000000     kernel32:KERNEL32.dll
 0000:00000000       .debug$S                   0000000180000000     kernel32:KERNEL32.dll
 0000:00000000       .debug$S                   0000000180000000     kernel32:KERNEL32.dll
 0000:00000000       .debug$S                   0000000180000000     sf_runtime:sf_runtime.dll
 0000:00000000       .debug$S                   0000000180000000     libemlrt:libemlrt.dll
 0000:00000000       .debug$S                   0000000180000000     libemlrt:libemlrt.dll
 0000:00000000       .debug$S                   0000000180000000     libemlrt:libemlrt.dll
 0002:fffee000       __guard_fids__guard_icall_checks_enforced 0000000180000000     MSVCRT:guard_support.obj
 0002:fffee000       __guard_fids__             0000000180000000     MSVCRT:guard_support.obj
 0000:00000000       .debug$S                   0000000180000000     sf_runtime:sf_runtime.dll
 0000:00000000       .debug$S                   0000000180000000     libmwmathutil:libmwmathutil.dll
 0000:00000000       .debug$S                   0000000180000000     sf_runtime:sf_runtime.dll
 0000:00000000       .debug$S                   0000000180000000     libut:libut.dll
 0000:00000000       .debug$S                   0000000180000000     libut:libut.dll
 0000:00000000       .debug$S                   0000000180000000     sf_runtime:sf_runtime.dll
 0000:00000000       .debug$S                   0000000180000000     libmex:libmex.dll
 0000:00000000       .debug$S                   0000000180000000     libmex:libmex.dll
 0002:fffee000       __guard_fids___scrt_set_unhandled_exception_filter 0000000180000000     MSVCRT:utility_desktop.obj
 0000:00000000       .debug$S                   0000000180000000     libmex:libmex.dll
 0000:00000000       .debug$S                   0000000180000000     libmex:libmex.dll
 0000:00000000       .debug$S                   0000000180000000     libmex:libmex.dll
 0000:00000000       .debug$S                   0000000180000000     libmex:libmex.dll
 0000:00000000       .debug$S                   0000000180000000     libmex:libmex.dll
 0000:00000000       .debug$S                   0000000180000000     libmx:libmx.dll
 0000:00000000       .debug$S                   0000000180000000     libmx:libmx.dll
 0000:00000000       .debug$S                   0000000180000000     libmwbwlookup_tbb:libmwbwlookup_tbb.dll
 0000:00000000       .debug$S                   0000000180000000     libmx:libmx.dll
 0000:00000000       .debug$S                   0000000180000000     libmwmorphop_binary_tbb:libmwmorphop_binary_tbb.dll
 0000:00000000       .debug$S                   0000000180000000     libmwmorphop_binary_tbb:libmwmorphop_binary_tbb.dll
 0000:00000000       .debug$S                   0000000180000000     libmx:libmx.dll
 0000:00000000       .debug$S                   0000000180000000     sf_runtime:sf_runtime.dll
 0000:00000000       .debug$S                   0000000180000000     sf_runtime:sf_runtime.dll
 0000:00000000       .debug$S                   0000000180000000     sf_runtime:sf_runtime.dll
 0000:00000000       .debug$S                   0000000180000000     sf_runtime:sf_runtime.dll
 0000:00000000       .debug$S                   0000000180000000     sf_runtime:sf_runtime.dll
 0000:00000000       .debug$S                   0000000180000000     sf_runtime:sf_runtime.dll
 0000:00000000       .debug$S                   0000000180000000     sf_runtime:sf_runtime.dll
 0000:00000000       .debug$S                   0000000180000000     sf_runtime:sf_runtime.dll
 0000:00000000       .debug$S                   0000000180000000     sf_runtime:sf_runtime.dll
 0000:00000000       .debug$S                   0000000180000000     sf_runtime:sf_runtime.dll
 0000:00000000       .debug$S                   0000000180000000     sf_runtime:sf_runtime.dll
 0000:00000000       .debug$S                   0000000180000000     sf_runtime:sf_runtime.dll
 0000:00000000       .debug$S                   0000000180000000     sf_runtime:sf_runtime.dll
 0000:00000000       .debug$S                   0000000180000000     sf_runtime:sf_runtime.dll
 0000:00000000       .debug$S                   0000000180000000     sf_runtime:sf_runtime.dll
 0000:00000000       .debug$S                   0000000180000000     sf_runtime:sf_runtime.dll
 0000:00000000       .debug$S                   0000000180000000     sf_runtime:sf_runtime.dll
 0000:00000000       .debug$S                   0000000180000000     sf_runtime:sf_runtime.dll
 0000:00000000       .debug$S                   0000000180000000     sf_runtime:sf_runtime.dll
 0000:00000000       .debug$S                   0000000180000000     sf_runtime:sf_runtime.dll
 0000:00000000       .debug$S                   0000000180000000     sf_runtime:sf_runtime.dll
 0000:00000000       .debug$S                   0000000180000000     sf_runtime:sf_runtime.dll
 0000:00000000       .debug$S                   0000000180000000     sf_runtime:sf_runtime.dll
 0000:00000000       .debug$S                   0000000180000000     libmx:libmx.dll
 0000:00000000       .debug$S                   0000000180000000     libmx:libmx.dll
 0000:00000000       .debug$S                   0000000180000000     libmx:libmx.dll
 0000:00000000       .debug$S                   0000000180000000     libmx:libmx.dll
 0000:00000000       .debug$S                   0000000180000000     sf_runtime:sf_runtime.dll
 0002:fffee000       __guard_fids_?dllmain_dispatch@@YAHQEAUHINSTANCE__@@KQEAX@Z 0000000180000000     MSVCRT:dll_dllmain.obj
 0000:00000000       .debug$S                   0000000180000000     libmx:libmx.dll
 0000:00000000       .debug$S                   0000000180000000     sf_runtime:sf_runtime.dll
 0000:00000000       .debug$S                   0000000180000000     sf_runtime:sf_runtime.dll
 0000:00000000       .debug$S                   0000000180000000     sf_runtime:sf_runtime.dll
 0000:00000000       .debug$S                   0000000180000000     sf_runtime:sf_runtime.dll
 0000:00000000       .debug$S                   0000000180000000     libmx:libmx.dll
 0000:00000000       .debug$S                   0000000180000000     libmx:libmx.dll
 0000:00000000       .debug$S                   0000000180000000     libmx:libmx.dll
 0000:00000000       .debug$S                   0000000180000000     libmx:libmx.dll
 0000:00000000       .debug$S                   0000000180000000     sf_runtime:sf_runtime.dll
 0000:00000000       .debug$S                   0000000180000000     libmx:libmx.dll
 0000:00000000       .debug$S                   0000000180000000     libmx:libmx.dll
 0000:00000000       .debug$S                   0000000180000000     libmx:libmx.dll
 0000:00000000       .debug$S                   0000000180000000     libmx:libmx.dll
 0000:00000000       .debug$S                   0000000180000000     libmx:libmx.dll
 0000:00000000       .debug$S                   0000000180000000     sf_runtime:sf_runtime.dll
 0000:00000000       .debug$S                   0000000180000000     libmx:libmx.dll
 0000:00000000       .debug$S                   0000000180000000     libcovrt:libcovrt.dll
 0001:00001150       ?initialize_c4_flightControlSystem@@YAXPEAUSFc4_flightControlSystemInstanceStruct@@@Z 0000000180002150 f   c4_flightControlSystem.obj
 0001:000011f0       ?initialize_params_c4_flightControlSystem@@YAXPEAUSFc4_flightControlSystemInstanceStruct@@@Z 00000001800021f0 f   c4_flightControlSystem.obj
 0001:00001200       ?enable_c4_flightControlSystem@@YAXPEAUSFc4_flightControlSystemInstanceStruct@@@Z 0000000180002200 f   c4_flightControlSystem.obj
 0001:00001230       ?disable_c4_flightControlSystem@@YAXPEAUSFc4_flightControlSystemInstanceStruct@@@Z 0000000180002230 f   c4_flightControlSystem.obj
 0001:00001260       ?c4_do_animation_call_c4_flightControlSystem@@YAXPEAUSFc4_flightControlSystemInstanceStruct@@@Z 0000000180002260 f   c4_flightControlSystem.obj
 0001:000012a0       ?get_sim_state_c4_flightControlSystem@@YAPEBUmxArray_tag@@PEAUSFc4_flightControlSystemInstanceStruct@@@Z 00000001800022a0 f   c4_flightControlSystem.obj
 0001:00001410       ?set_sim_state_c4_flightControlSystem@@YAXPEAUSFc4_flightControlSystemInstanceStruct@@PEBUmxArray_tag@@@Z 0000000180002410 f   c4_flightControlSystem.obj
 0001:00001540       ?sf_gateway_c4_flightControlSystem@@YAXPEAUSFc4_flightControlSystemInstanceStruct@@@Z 0000000180002540 f   c4_flightControlSystem.obj
 0001:000018b0       ?mdl_start_c4_flightControlSystem@@YAXPEAUSFc4_flightControlSystemInstanceStruct@@@Z 00000001800028b0 f   c4_flightControlSystem.obj
 0001:000018c0       ?mdl_terminate_c4_flightControlSystem@@YAXPEAUSFc4_flightControlSystemInstanceStruct@@@Z 00000001800028c0 f   c4_flightControlSystem.obj
 0001:000018d0       ?mdl_setup_runtime_resources_c4_flightControlSystem@@YAXPEAUSFc4_flightControlSystemInstanceStruct@@@Z 00000001800028d0 f   c4_flightControlSystem.obj
 0001:00001b50       ?mdl_cleanup_runtime_resources_c4_flightControlSystem@@YAXPEAUSFc4_flightControlSystemInstanceStruct@@@Z 0000000180002b50 f   c4_flightControlSystem.obj
 0001:00001b90       ?initSimStructsc4_flightControlSystem@@YAXPEAUSFc4_flightControlSystemInstanceStruct@@@Z 0000000180002b90 f   c4_flightControlSystem.obj
 0001:00001ba0       ?c4_imclose@@YAXPEAUSFc4_flightControlSystemInstanceStruct@@PEBUemlrtStack@@QEAE2@Z 0000000180002ba0 f   c4_flightControlSystem.obj
 0001:000025b0       ?c4_imdilate@@YAXPEAUSFc4_flightControlSystemInstanceStruct@@QEAE1@Z 00000001800035b0 f   c4_flightControlSystem.obj
 0001:000026f0       ?c4_imerode@@YAXPEAUSFc4_flightControlSystemInstanceStruct@@QEAE1@Z 00000001800036f0 f   c4_flightControlSystem.obj
 0001:00002830       ?c4_bwmorph@@YAXPEAUSFc4_flightControlSystemInstanceStruct@@PEBUemlrtStack@@QEAEN2@Z 0000000180003830 f   c4_flightControlSystem.obj
 0001:00002b80       ?c4_bwlookup@@YAXPEAUSFc4_flightControlSystemInstanceStruct@@QEAE11@Z 0000000180003b80 f   c4_flightControlSystem.obj
 0001:00002c60       ?c4_emlrt_marshallIn@@YAXPEAUSFc4_flightControlSystemInstanceStruct@@PEBUmxArray_tag@@PEBDQEAE@Z 0000000180003c60 f   c4_flightControlSystem.obj
 0001:00002cd0       ?c4_b_emlrt_marshallIn@@YAXPEAUSFc4_flightControlSystemInstanceStruct@@PEBUmxArray_tag@@PEBUemlrtMsgIdentifier@@QEAE@Z 0000000180003cd0 f   c4_flightControlSystem.obj
 0001:00002dd0       ?c4_c_emlrt_marshallIn@@YAEPEAUSFc4_flightControlSystemInstanceStruct@@PEBUmxArray_tag@@PEBD@Z 0000000180003dd0 f   c4_flightControlSystem.obj
 0001:00002e40       ?c4_d_emlrt_marshallIn@@YAEPEAUSFc4_flightControlSystemInstanceStruct@@PEBUmxArray_tag@@PEBUemlrtMsgIdentifier@@@Z 0000000180003e40 f   c4_flightControlSystem.obj
 0001:00002ed0       ?c4_chart_data_browse_helper@@YAPEBUmxArray_tag@@PEAUSFc4_flightControlSystemInstanceStruct@@H@Z 0000000180003ed0 f   c4_flightControlSystem.obj
 0001:00002fd0       ?c4_b_bwmorphApplyOnce@@YAXPEAUSFc4_flightControlSystemInstanceStruct@@PEBUemlrtStack@@QEAE@Z 0000000180003fd0 f   c4_flightControlSystem.obj
 0001:0000458c       $LN79                      000000018000558c     c4_flightControlSystem.obj
 0001:000045c0       ?init_dsm_address_info@@YAXPEAUSFc4_flightControlSystemInstanceStruct@@@Z 00000001800055c0 f   c4_flightControlSystem.obj
 0001:000045d0       ?init_simulink_io_address@@YAXPEAUSFc4_flightControlSystemInstanceStruct@@@Z 00000001800055d0 f   c4_flightControlSystem.obj
 0001:00004880       ?sf_get_sim_state_info_c4_flightControlSystem@@YAPEBUmxArray_tag@@XZ 0000000180005880 f   c4_flightControlSystem.obj
 0001:00004940       ?sf_opaque_initialize_c4_flightControlSystem@@YAXPEAX@Z 0000000180005940 f   c4_flightControlSystem.obj
 0001:00004970       ?sf_opaque_enable_c4_flightControlSystem@@YAXPEAX@Z 0000000180005970 f   c4_flightControlSystem.obj
 0001:00004990       ?sf_opaque_disable_c4_flightControlSystem@@YAXPEAX@Z 0000000180005990 f   c4_flightControlSystem.obj
 0001:000049b0       ?sf_opaque_gateway_c4_flightControlSystem@@YAXPEAX@Z 00000001800059b0 f   c4_flightControlSystem.obj
 0001:000049d0       ?sf_opaque_get_sim_state_c4_flightControlSystem@@YAPEBUmxArray_tag@@PEAUSimStruct_tag@@@Z 00000001800059d0 f   c4_flightControlSystem.obj
 0001:00004a00       ?sf_opaque_set_sim_state_c4_flightControlSystem@@YAXPEAUSimStruct_tag@@PEBUmxArray_tag@@@Z 0000000180005a00 f   c4_flightControlSystem.obj
 0001:00004a30       ?sf_opaque_cleanup_runtime_resources_c4_flightControlSystem@@YAXPEAX@Z 0000000180005a30 f   c4_flightControlSystem.obj
 0001:00004ad0       ?sf_opaque_mdl_start_c4_flightControlSystem@@YAXPEAX@Z 0000000180005ad0 f   c4_flightControlSystem.obj
 0001:00004af0       ?sf_opaque_mdl_terminate_c4_flightControlSystem@@YAXPEAX@Z 0000000180005af0 f   c4_flightControlSystem.obj
 0001:00004b10       ?mdlProcessParameters_c4_flightControlSystem@@YAXPEAUSimStruct_tag@@@Z 0000000180005b10 f   c4_flightControlSystem.obj
 0001:00004d90       ?mdlSetWorkWidths_c4_flightControlSystem@@YAXPEAUSimStruct_tag@@@Z 0000000180005d90 f   c4_flightControlSystem.obj
 0001:00004e20       ?mdlRTW_c4_flightControlSystem@@YAXPEAUSimStruct_tag@@@Z 0000000180005e20 f   c4_flightControlSystem.obj
 0001:00004e60       ?mdlSetupRuntimeResources_c4_flightControlSystem@@YAXPEAUSimStruct_tag@@@Z 0000000180005e60 f   c4_flightControlSystem.obj
 0001:000077f0       $LN190                     00000001800087f0     flightControlSystem_sfun_registry.obj
 0001:00008634       $LN17                      0000000180009634     flightControlSystem_sfun_registry.obj
 0001:00009270       $LN77                      000000018000a270     flightControlSystem_sfun_registry.obj
 0001:00009fa0       $LN86                      000000018000afa0     flightControlSystem_sfun_registry.obj
 0001:0000ae64       $LN54                      000000018000be64     flightControlSystem_sfun_registry.obj
 0001:0000d880       ?ProcessMexSfunctionCmdLineCall@@YAIHQEAPEAUmxArray_tag@@HQEAPEBU1@@Z 000000018000e880 f   flightControlSystem_sfun_registry.obj
 0001:0000db90       ?mdlSetWorkWidths@@YAXPEAUSimStruct_tag@@@Z 000000018000eb90 f   flightControlSystem_sfun_registry.obj
 0001:0000dbe0       ?mdlProcessParameters@@YAXPEAUSimStruct_tag@@@Z 000000018000ebe0 f   flightControlSystem_sfun_registry.obj
 0001:0000dc10       ?mdl_setup_runtime_resources_processing@@YAXPEAUSimStruct_tag@@@Z 000000018000ec10 f   flightControlSystem_sfun_registry.obj
 0001:0000dc70       ?mdlSetupRuntimeResources@@YAXPEAUSimStruct_tag@@@Z 000000018000ec70 f   flightControlSystem_sfun_registry.obj
 0001:0000dca0       ?mdl_cleanup_runtime_resources_processing@@YAXPEAUSimStruct_tag@@@Z 000000018000eca0 f   flightControlSystem_sfun_registry.obj
 0001:0000dd60       ?mdlCleanupRuntimeResources@@YAXPEAUSimStruct_tag@@@Z 000000018000ed60 f   flightControlSystem_sfun_registry.obj
 0001:0000dd90       ?mdl_start_processing@@YAXPEAUSimStruct_tag@@@Z 000000018000ed90 f   flightControlSystem_sfun_registry.obj
 0001:0000ddd0       ?mdlStart@@YAXPEAUSimStruct_tag@@@Z 000000018000edd0 f   flightControlSystem_sfun_registry.obj
 0001:0000de00       ?mdl_terminate_processing@@YAXPEAUSimStruct_tag@@@Z 000000018000ee00 f   flightControlSystem_sfun_registry.obj
 0001:0000de40       ?mdlTerminate@@YAXPEAUSimStruct_tag@@@Z 000000018000ee40 f   flightControlSystem_sfun_registry.obj
 0001:0000de70       ?mdlInitializeSizes@@YAXPEAUSimStruct_tag@@@Z 000000018000ee70 f   flightControlSystem_sfun_registry.obj
 0001:0000dea0       ?mdlInitializeSampleTimes@@YAXPEAUSimStruct_tag@@@Z 000000018000eea0 f   flightControlSystem_sfun_registry.obj
 0001:0000ded0       ?mdl_outputs_continuous_legacy@@YAXPEAUSimStruct_tag@@PEAUChartInfoStruct@@@Z 000000018000eed0 f   flightControlSystem_sfun_registry.obj
 0001:0000dfd0       ?mdl_outputs_processing@@YAXPEAUSimStruct_tag@@@Z 000000018000efd0 f   flightControlSystem_sfun_registry.obj
 0001:0000e0f0       ?mdl_zeroCrossings_processing@@YAXPEAUSimStruct_tag@@@Z 000000018000f0f0 f   flightControlSystem_sfun_registry.obj
 0001:0000e130       ?mdlZeroCrossings@@YAXPEAUSimStruct_tag@@@Z 000000018000f130 f   flightControlSystem_sfun_registry.obj
 0001:0000e160       ?mdl_derivatives_processing@@YAXPEAUSimStruct_tag@@@Z 000000018000f160 f   flightControlSystem_sfun_registry.obj
 0001:0000e1b0       ?mdlDerivatives@@YAXPEAUSimStruct_tag@@@Z 000000018000f1b0 f   flightControlSystem_sfun_registry.obj
 0001:0000e1e0       ?mdl_initialize_conditions_processing@@YAXPEAUSimStruct_tag@@@Z 000000018000f1e0 f   flightControlSystem_sfun_registry.obj
 0001:0000e230       ?mdlInitializeConditions@@YAXPEAUSimStruct_tag@@@Z 000000018000f230 f   flightControlSystem_sfun_registry.obj
 0001:0000e260       ?mdl_ext_mode_exec_processing@@YAXPEAUSimStruct_tag@@@Z 000000018000f260 f   flightControlSystem_sfun_registry.obj
 0001:0000e2a0       ?mdlExtModeExec@@YAXPEAUSimStruct_tag@@@Z 000000018000f2a0 f   flightControlSystem_sfun_registry.obj
 0001:0000e2d0       ?mdlRTW@@YAXPEAUSimStruct_tag@@@Z 000000018000f2d0 f   flightControlSystem_sfun_registry.obj
 0001:0000e310       ?mdl_enable_processing@@YAXPEAUSimStruct_tag@@@Z 000000018000f310 f   flightControlSystem_sfun_registry.obj
 0001:0000e350       ?mdlEnable@@YAXPEAUSimStruct_tag@@@Z 000000018000f350 f   flightControlSystem_sfun_registry.obj
 0001:0000e380       ?mdl_disable_processing@@YAXPEAUSimStruct_tag@@@Z 000000018000f380 f   flightControlSystem_sfun_registry.obj
 0001:0000e3c0       ?mdlDisable@@YAXPEAUSimStruct_tag@@@Z 000000018000f3c0 f   flightControlSystem_sfun_registry.obj
 0001:0000e3f0       ?mdlOutputs@@YAXPEAUSimStruct_tag@@H@Z 000000018000f3f0 f   flightControlSystem_sfun_registry.obj
 0001:0000e420       ?mdl_update_processing@@YAXPEAUSimStruct_tag@@@Z 000000018000f420 f   flightControlSystem_sfun_registry.obj
 0001:0000e470       ?mdlUpdate@@YAXPEAUSimStruct_tag@@H@Z 000000018000f470 f   flightControlSystem_sfun_registry.obj
 0001:0000e660       ?mdlGetTimeOfNextVarHit@@YAXPEAUSimStruct_tag@@@Z 000000018000f660 f   flightControlSystem_sfun_registry.obj
 0001:0000e6b0       ?_RegNumInputPortsCB@@YAHPEAXH@Z 000000018000f6b0 f   flightControlSystem_sfun_registry.obj
[...]
 0004:00000294       $pdata$_ssSetIWorkValueFcn 0000000180024294     flightControlSystem_sfun_registry.obj
 0004:000002a0       $pdata$_ssGetIWorkValueFcn 00000001800242a0     flightControlSystem_sfun_registry.obj
 0004:000002ac       $pdata$_ssSetPWorkValueFcn 00000001800242ac     flightControlSystem_sfun_registry.obj
 0004:000002b8       $pdata$_ssGetPWorkValueFcn 00000001800242b8     flightControlSystem_sfun_registry.obj
 0004:000002c4       $pdata$_ssGetInputPortSignalFcn 00000001800242c4     flightControlSystem_sfun_registry.obj
 0004:000002d0       $pdata$_ssGetInputPortBufferDstPortFcn 00000001800242d0     flightControlSystem_sfun_registry.obj
 0004:000002dc       $pdata$_ssGetInputPortSignalPtrsFcn 00000001800242dc     flightControlSystem_sfun_registry.obj
 0004:000002e8       $pdata$ssGetParameterTuningCompliance 00000001800242e8     flightControlSystem_sfun_registry.obj
 0004:000002f4       $pdata$ssGetDTypeIdFromMxArray 00000001800242f4     flightControlSystem_sfun_registry.obj
 0004:00000300       $pdata$ssWriteRTWMx2dMatParam 0000000180024300     flightControlSystem_sfun_registry.obj
 0004:0000030c       $pdata$ssWriteRTWMxVectParam 000000018002430c     flightControlSystem_sfun_registry.obj
 0004:00000318       $pdata$ssWriteRTWParameters 0000000180024318     flightControlSystem_sfun_registry.obj
 0004:00000324       $pdata$ssWriteRTWParamSettings 0000000180024324     flightControlSystem_sfun_registry.obj
 0004:00000330       $pdata$ssWriteRTWStr       0000000180024330     flightControlSystem_sfun_registry.obj
 0004:0000033c       $pdata$ssWriteRTWWorkVect  000000018002433c     flightControlSystem_sfun_registry.obj
 0004:00000348       $pdata$ssWarning           0000000180024348     flightControlSystem_sfun_registry.obj
 0004:00000354       $pdata$ssWriteRTWNameValuePair 0000000180024354     flightControlSystem_sfun_registry.obj
 0004:00000360       $pdata$_ssSetInputPortMatrixDimensions 0000000180024360     flightControlSystem_sfun_registry.obj
 0004:0000036c       $pdata$_ssSetOutputPortMatrixDimensions 000000018002436c     flightControlSystem_sfun_registry.obj
 0004:00000378       $pdata$_ssSetInputPortVectorDimension 0000000180024378     flightControlSystem_sfun_registry.obj
 0004:00000384       $pdata$_ssSetOutputPortVectorDimension 0000000180024384     flightControlSystem_sfun_registry.obj
 0004:00000390       $pdata$ssIsRunTimeParamTunable 0000000180024390     flightControlSystem_sfun_registry.obj
 0004:0000039c       $pdata$ssGetSFuncBlockHandle 000000018002439c     flightControlSystem_sfun_registry.obj
 0004:000003a8       $pdata$_ssGetCurrentInputPortWidth 00000001800243a8     flightControlSystem_sfun_registry.obj
 0004:000003b4       $pdata$_ssGetCurrentOutputPortWidth 00000001800243b4     flightControlSystem_sfun_registry.obj
 0004:000003c0       $pdata$_ssGetCallSystemNumFcnCallDestinations 00000001800243c0     flightControlSystem_sfun_registry.obj
 0004:000003cc       $pdata$ssGetIsZeroCrossControlDisabled 00000001800243cc     flightControlSystem_sfun_registry.obj
 0004:000003d8       $pdata$ssSetIsInputPortUsedForContZcSignal 00000001800243d8     flightControlSystem_sfun_registry.obj
 0004:000003e4       $pdata$ssSetZcSignalIsZcElementDisc 00000001800243e4     flightControlSystem_sfun_registry.obj
 0004:000003f0       $pdata$ssSetZcSignalName   00000001800243f0     flightControlSystem_sfun_registry.obj
 0004:000003fc       $pdata$ssSetZcSignalWidth  00000001800243fc     flightControlSystem_sfun_registry.obj
 0004:00000408       $pdata$ssSetZcSignalZcEventType 0000000180024408     flightControlSystem_sfun_registry.obj
 0004:00000414       $pdata$ssSetZcSignalType   0000000180024414     flightControlSystem_sfun_registry.obj
 0004:00000420       $pdata$ssSetZcSignalZcTol  0000000180024420     flightControlSystem_sfun_registry.obj
 0004:0000042c       $pdata$ssSetZcSignalNeedsEventNotification 000000018002442c     flightControlSystem_sfun_registry.obj
 0004:00000438       $pdata$ssCreateAndAddZcSignalInfo 0000000180024438     flightControlSystem_sfun_registry.obj
 0004:00000444       $pdata$ssCloneAndAddZcSignalInfo 0000000180024444     flightControlSystem_sfun_registry.obj
 0004:00000450       $pdata$ssGetNumZcSignals   0000000180024450     flightControlSystem_sfun_registry.obj
 0004:0000045c       $pdata$ssGetZcSignalVector 000000018002445c     flightControlSystem_sfun_registry.obj
 0004:00000468       $pdata$ssGetZcSignalName   0000000180024468     flightControlSystem_sfun_registry.obj
 0004:00000474       $pdata$ssGetZcSignalWidth  0000000180024474     flightControlSystem_sfun_registry.obj
 0004:00000480       $pdata$ssGetZcSignalZcEventType 0000000180024480     flightControlSystem_sfun_registry.obj
 0004:0000048c       $pdata$ssGetZcSignalZcEvents 000000018002448c     flightControlSystem_sfun_registry.obj
 0004:00000498       $pdata$ssGetZcSignalType   0000000180024498     flightControlSystem_sfun_registry.obj
 0004:000004a4       $pdata$ssGetZcSignalZcTol  00000001800244a4     flightControlSystem_sfun_registry.obj
 0004:000004b0       $pdata$ssGetZcSignalNeedsEventNotification 00000001800244b0     flightControlSystem_sfun_registry.obj
 0004:000004bc       $pdata$ssGetZcSignalIsZcElementDisc 00000001800244bc     flightControlSystem_sfun_registry.obj
 0004:000004c8       $pdata$ssGetIsInputPortElementContinuous 00000001800244c8     flightControlSystem_sfun_registry.obj
 0004:000004d4       $pdata$_ssGetAbsTol        00000001800244d4     flightControlSystem_sfun_registry.obj
 0004:000004e0       $pdata$_ssSetInputPortReusableFcn 00000001800244e0     flightControlSystem_sfun_registry.obj
 0004:000004ec       $pdata$_ssSetOutputPortReusableFcn 00000001800244ec     flightControlSystem_sfun_registry.obj
 0004:000004f8       $pdata$_ssSetSymbolicDimsSupport 00000001800244f8     flightControlSystem_sfun_registry.obj
 0004:00000504       $pdata$_ssRegisterSymbolicDimsExpr 0000000180024504     flightControlSystem_sfun_registry.obj
 0004:00000510       $pdata$_ssRegisterSymbolicDims 0000000180024510     flightControlSystem_sfun_registry.obj
 0004:0000051c       $pdata$_ssRegisterSymbolicDimsString 000000018002451c     flightControlSystem_sfun_registry.obj
 0004:00000528       $pdata$_ssRegisterSymbolicDimsIntValue 0000000180024528     flightControlSystem_sfun_registry.obj
 0004:00000534       $pdata$_ssRegisterSymbolicDimsPlus 0000000180024534     flightControlSystem_sfun_registry.obj
 0004:00000540       $pdata$_ssRegisterSymbolicDimsMinus 0000000180024540     flightControlSystem_sfun_registry.obj
 0004:0000054c       $pdata$_ssRegisterSymbolicDimsMultiply 000000018002454c     flightControlSystem_sfun_registry.obj
 0004:00000558       $pdata$_ssRegisterSymbolicDimsDivide 0000000180024558     flightControlSystem_sfun_registry.obj
 0004:00000564       $pdata$_ssGetNumSymbolicDims 0000000180024564     flightControlSystem_sfun_registry.obj
 0004:00000570       $pdata$_ssGetSymbolicDim   0000000180024570     flightControlSystem_sfun_registry.obj
 0004:0000057c       $pdata$_ssSetInputPortSymbolicDimsId 000000018002457c     flightControlSystem_sfun_registry.obj
 0004:00000588       $pdata$_ssGetCompInputPortSymbolicDimsId 0000000180024588     flightControlSystem_sfun_registry.obj
 0004:00000594       $pdata$_ssSetCompInputPortSymbolicDimsId 0000000180024594     flightControlSystem_sfun_registry.obj
 0004:000005a0       $pdata$_ssSetOutputPortSymbolicDimsId 00000001800245a0     flightControlSystem_sfun_registry.obj
 0004:000005ac       $pdata$_ssGetCompOutputPortSymbolicDimsId 00000001800245ac     flightControlSystem_sfun_registry.obj
 0004:000005b8       $pdata$_ssSetCompOutputPortSymbolicDimsId 00000001800245b8     flightControlSystem_sfun_registry.obj
 0004:000005c4       $pdata$_ssSetCompDWorkSymbolicDimsId 00000001800245c4     flightControlSystem_sfun_registry.obj
 0004:000005d0       $pdata$?sf_process_check_sum_call@@YAIHQEAPEAUmxArray_tag@@HQEAPEBU1@@Z 00000001800245d0     flightControlSystem_sfun_registry.obj
 0004:000005dc       $pdata$?sf_process_get_third_party_uses_info_call@@YAIHQEAPEAUmxArray_tag@@HQEAPEBU1@@Z 00000001800245dc     flightControlSystem_sfun_registry.obj
 0004:000005e8       $pdata$?sf_process_get_jit_fallback_info_call@@YAIHQEAPEAUmxArray_tag@@HQEAPEBU1@@Z 00000001800245e8     flightControlSystem_sfun_registry.obj
 0004:000005f4       $pdata$?sf_process_get_post_codegen_info_call@@YAIHQEAPEAUmxArray_tag@@HQEAPEBU1@@Z 00000001800245f4     flightControlSystem_sfun_registry.obj
 0004:00000600       $pdata$?sf_process_get_updateBuildInfo_args_info_call@@YAIHQEAPEAUmxArray_tag@@HQEAPEBU1@@Z 0000000180024600     flightControlSystem_sfun_registry.obj
 0004:0000060c       $pdata$?sf_process_get_eml_resolved_functions_info_call@@YAIHQEAPEAUmxArray_tag@@HQEAPEBU1@@Z 000000018002460c     flightControlSystem_sfun_registry.obj
 0004:00000618       $pdata$?sf_mex_unlock_call@@YAIHQEAPEAUmxArray_tag@@HQEAPEBU1@@Z 0000000180024618     flightControlSystem_sfun_registry.obj
 0004:00000624       $pdata$?ProcessMexSfunctionCmdLineCall@@YAIHQEAPEAUmxArray_tag@@HQEAPEBU1@@Z 0000000180024624     flightControlSystem_sfun_registry.obj
 0004:00000630       $pdata$?sf_machine_global_initializer_called@@YAIXZ 0000000180024630     flightControlSystem_sfun_registry.obj
 0004:0000063c       $pdata$sf_machine_global_method_dispatcher 000000018002463c     flightControlSystem_sfun_registry.obj
 0004:00000648       $pdata$sf_machine_global_terminator 0000000180024648     flightControlSystem_sfun_registry.obj
 0004:00000654       $pdata$?sf_register_machine_exported_symbols@@YAXPEAUSimStruct_tag@@@Z 0000000180024654     flightControlSystem_sfun_registry.obj
 0004:00000660       $pdata$sf_machine_global_initializer 0000000180024660     flightControlSystem_sfun_registry.obj
 0004:0000066c       $pdata$?mdlGetSimState@@YAPEAUmxArray_tag@@PEAUSimStruct_tag@@@Z 000000018002466c     flightControlSystem_sfun_registry.obj
 0004:00000678       $pdata$?mdlSetSimState@@YAXPEAUSimStruct_tag@@PEBUmxArray_tag@@@Z 0000000180024678     flightControlSystem_sfun_registry.obj
 0004:00000684       $pdata$?mdlSetWorkWidths@@YAXPEAUSimStruct_tag@@@Z 0000000180024684     flightControlSystem_sfun_registry.obj
 0004:00000690       $pdata$?mdlProcessParameters@@YAXPEAUSimStruct_tag@@@Z 0000000180024690     flightControlSystem_sfun_registry.obj
 0004:0000069c       $pdata$?mdl_setup_runtime_resources_processing@@YAXPEAUSimStruct_tag@@@Z 000000018002469c     flightControlSystem_sfun_registry.obj
 0004:000006a8       $pdata$?mdlSetupRuntimeResources@@YAXPEAUSimStruct_tag@@@Z 00000001800246a8     flightControlSystem_sfun_registry.obj
 0004:000006b4       $pdata$?mdl_cleanup_runtime_resources_processing@@YAXPEAUSimStruct_tag@@@Z 00000001800246b4     flightControlSystem_sfun_registry.obj
 0004:000006c0       $pdata$?mdlCleanupRuntimeResources@@YAXPEAUSimStruct_tag@@@Z 00000001800246c0     flightControlSystem_sfun_registry.obj
 0004:000006cc       $pdata$?mdl_start_processing@@YAXPEAUSimStruct_tag@@@Z 00000001800246cc     flightControlSystem_sfun_registry.obj
 0004:000006d8       $pdata$?mdlStart@@YAXPEAUSimStruct_tag@@@Z 00000001800246d8     flightControlSystem_sfun_registry.obj
 0004:000006e4       $pdata$?mdl_terminate_processing@@YAXPEAUSimStruct_tag@@@Z 00000001800246e4     flightControlSystem_sfun_registry.obj
 0004:000006f0       $pdata$?mdlTerminate@@YAXPEAUSimStruct_tag@@@Z 00000001800246f0     flightControlSystem_sfun_registry.obj
 0004:000006fc       $pdata$?mdlInitializeSizes@@YAXPEAUSimStruct_tag@@@Z 00000001800246fc     flightControlSystem_sfun_registry.obj
 0004:00000708       $pdata$?mdlInitializeSampleTimes@@YAXPEAUSimStruct_tag@@@Z 0000000180024708     flightControlSystem_sfun_registry.obj
 0004:00000714       $pdata$?mdl_outputs_continuous_legacy@@YAXPEAUSimStruct_tag@@PEAUChartInfoStruct@@@Z 0000000180024714     flightControlSystem_sfun_registry.obj
 0004:00000720       $pdata$?mdl_outputs_processing@@YAXPEAUSimStruct_tag@@@Z 0000000180024720     flightControlSystem_sfun_registry.obj
 0004:0000072c       $pdata$?mdl_zeroCrossings_processing@@YAXPEAUSimStruct_tag@@@Z 000000018002472c     flightControlSystem_sfun_registry.obj
 0004:00000738       $pdata$?mdlZeroCrossings@@YAXPEAUSimStruct_tag@@@Z 0000000180024738     flightControlSystem_sfun_registry.obj
 0004:00000744       $pdata$?mdl_derivatives_processing@@YAXPEAUSimStruct_tag@@@Z 0000000180024744     flightControlSystem_sfun_registry.obj
 0004:00000750       $pdata$?mdlDerivatives@@YAXPEAUSimStruct_tag@@@Z 0000000180024750     flightControlSystem_sfun_registry.obj
 0004:0000075c       $pdata$?mdl_initialize_conditions_processing@@YAXPEAUSimStruct_tag@@@Z 000000018002475c     flightControlSystem_sfun_registry.obj
 0004:00000768       $pdata$?mdlInitializeConditions@@YAXPEAUSimStruct_tag@@@Z 0000000180024768     flightControlSystem_sfun_registry.obj
 0004:00000774       $pdata$?mdl_ext_mode_exec_processing@@YAXPEAUSimStruct_tag@@@Z 0000000180024774     flightControlSystem_sfun_registry.obj
 0004:00000780       $pdata$?mdlExtModeExec@@YAXPEAUSimStruct_tag@@@Z 0000000180024780     flightControlSystem_sfun_registry.obj
 0004:0000078c       $pdata$?mdlRTW@@YAXPEAUSimStruct_tag@@@Z 000000018002478c     flightControlSystem_sfun_registry.obj
 0004:00000798       $pdata$?mdl_enable_processing@@YAXPEAUSimStruct_tag@@@Z 0000000180024798     flightControlSystem_sfun_registry.obj
 0004:000007a4       $pdata$?mdlEnable@@YAXPEAUSimStruct_tag@@@Z 00000001800247a4     flightControlSystem_sfun_registry.obj
 0004:000007b0       $pdata$?mdl_disable_processing@@YAXPEAUSimStruct_tag@@@Z 00000001800247b0     flightControlSystem_sfun_registry.obj
 0004:000007bc       $pdata$?mdlDisable@@YAXPEAUSimStruct_tag@@@Z 00000001800247bc     flightControlSystem_sfun_registry.obj
 0004:000007c8       $pdata$?mdlOutputs@@YAXPEAUSimStruct_tag@@H@Z 00000001800247c8     flightControlSystem_sfun_registry.obj
 0004:000007d4       $pdata$?mdl_update_processing@@YAXPEAUSimStruct_tag@@@Z 00000001800247d4     flightControlSystem_sfun_registry.obj
 0004:000007e0       $pdata$?mdlUpdate@@YAXPEAUSimStruct_tag@@H@Z 00000001800247e0     flightControlSystem_sfun_registry.obj
 0004:000007ec       $pdata$?ProcessMexSfunctionEveryCall@@YAIHQEAPEAUmxArray_tag@@HQEAPEBU1@@Z 00000001800247ec     flightControlSystem_sfun_registry.obj
 0004:000007f8       $pdata$?_RegNumInputPortsCB@@YAHPEAXH@Z 00000001800247f8     flightControlSystem_sfun_registry.obj
 0004:00000804       $pdata$?_RegNumOutputPortsCB@@YAHPEAXH@Z 0000000180024804     flightControlSystem_sfun_registry.obj
 0004:00000810       $pdata$?_CreateSimStruct@@YAPEAUSimStruct_tag@@HQEAPEBUmxArray_tag@@@Z 0000000180024810     flightControlSystem_sfun_registry.obj
 0004:0000081c       $pdata$?_ProcessMexSfunctionCmdLineCall@@YAXHQEAPEAUmxArray_tag@@HQEAPEBU1@@Z 000000018002481c     flightControlSystem_sfun_registry.obj
 0004:00000828       $pdata$?ReportIndexOutOfBoundsError@@YAXPEBDHPEBUSimStruct_tag@@HPEAHH0@Z 0000000180024828     flightControlSystem_sfun_registry.obj
 0004:00000834       $pdata$_vsnprintf_l        0000000180024834     flightControlSystem_sfun_registry.obj
 0004:00000840       $pdata$_vsprintf_l         0000000180024840     flightControlSystem_sfun_registry.obj
 0004:0000084c       $pdata$sprintf             000000018002484c     flightControlSystem_sfun_registry.obj
 0004:00000858       $pdata$__raise_securityfailure 0000000180024858     MSVCRT:gs_report.obj
 0004:00000864       $pdata$__report_gsfailure  0000000180024864     MSVCRT:gs_report.obj
 0004:00000870       $pdata$__report_rangecheckfailure 0000000180024870     MSVCRT:gs_report.obj
 0004:0000087c       $pdata$__report_securityfailure 000000018002487c     MSVCRT:gs_report.obj
 0004:00000888       $pdata$__report_securityfailureEx 0000000180024888     MSVCRT:gs_report.obj
 0004:00000894       $pdata$capture_current_context 0000000180024894     MSVCRT:gs_report.obj
 0004:000008a0       $pdata$capture_previous_context 00000001800248a0     MSVCRT:gs_report.obj
 0004:000008ac       $pdata$__GSHandlerCheck    00000001800248ac     MSVCRT:gshandler.obj
 0004:000008b8       $pdata$__GSHandlerCheckCommon 00000001800248b8     MSVCRT:gshandler.obj
 0004:000008dc       $pdata$?dllmain_crt_dispatch@@YAHQEAUHINSTANCE__@@KQEAX@Z 00000001800248dc     MSVCRT:dll_dllmain.obj
 0004:000008e8       $pdata$?dllmain_crt_process_attach@@YAHQEAUHINSTANCE__@@QEAX@Z 00000001800248e8     MSVCRT:dll_dllmain.obj
 0004:000008f4       $pdata$?dllmain_crt_process_detach@@YAH_N@Z 00000001800248f4     MSVCRT:dll_dllmain.obj
 0004:00000900       $pdata$?dllmain_dispatch@@YAHQEAUHINSTANCE__@@KQEAX@Z 0000000180024900     MSVCRT:dll_dllmain.obj
 0004:0000090c       $pdata$_DllMainCRTStartup  000000018002490c     MSVCRT:dll_dllmain.obj
 0004:00000918       $pdata$__get_entropy       0000000180024918     MSVCRT:gs_support.obj
 0004:00000924       $pdata$__security_init_cookie 0000000180024924     MSVCRT:gs_support.obj
 0004:00000930       $pdata$DllMain             0000000180024930     MSVCRT:dll_dllmain_stub.obj
 0004:0000093c       $pdata$__scrt_initialize_default_local_stdio_options 000000018002493c     MSVCRT:default_local_stdio_options.obj
 0004:00000948       $pdata$?configure_argv@__scrt_narrow_argv_policy@@SAHXZ 0000000180024948     MSVCRT:utility.obj
 0004:00000954       $pdata$__scrt_acquire_startup_lock 0000000180024954     MSVCRT:utility.obj
 0004:00000960       $pdata$__scrt_dllmain_after_initialize_c 0000000180024960     MSVCRT:utility.obj
 0004:0000096c       $pdata$__scrt_dllmain_before_initialize_c 000000018002496c     MSVCRT:utility.obj
 0004:00000978       $pdata$__scrt_dllmain_crt_thread_attach 0000000180024978     MSVCRT:utility.obj
 0004:00000984       $pdata$__scrt_dllmain_crt_thread_detach 0000000180024984     MSVCRT:utility.obj
 0004:00000990       $pdata$__scrt_dllmain_exception_filter 0000000180024990     MSVCRT:utility.obj
 0004:0000099c       $pdata$__scrt_dllmain_uninitialize_c 000000018002499c     MSVCRT:utility.obj
 0004:000009a8       $pdata$__scrt_dllmain_uninitialize_critical 00000001800249a8     MSVCRT:utility.obj
 0004:000009b4       $pdata$__scrt_initialize_crt 00000001800249b4     MSVCRT:utility.obj
 0004:000009c0       $pdata$__scrt_initialize_onexit_tables 00000001800249c0     MSVCRT:utility.obj
 0004:000009cc       $pdata$__scrt_is_nonwritable_in_current_image 00000001800249cc     MSVCRT:utility.obj
 0004:000009d8       $pdata$__scrt_release_startup_lock 00000001800249d8     MSVCRT:utility.obj
 0004:000009e4       $pdata$__scrt_uninitialize_crt 00000001800249e4     MSVCRT:utility.obj
 0004:000009f0       $pdata$_onexit             00000001800249f0     MSVCRT:utility.obj
 0004:000009fc       $pdata$atexit              00000001800249fc     MSVCRT:utility.obj
 0004:00000a08       $pdata$__scrt_fastfail     0000000180024a08     MSVCRT:utility_desktop.obj
 0004:00000a14       $pdata$__scrt_get_show_window_mode 0000000180024a14     MSVCRT:utility_desktop.obj
 0004:00000a20       $pdata$__scrt_is_managed_app 0000000180024a20     MSVCRT:utility_desktop.obj
 0004:00000a2c       $pdata$__scrt_unhandled_exception_filter 0000000180024a2c     MSVCRT:utility_desktop.obj
 0004:00000a38       $pdata$_RTC_Initialize     0000000180024a38     MSVCRT:initsect.obj
 0004:00000a44       $pdata$_RTC_Terminate      0000000180024a44     MSVCRT:initsect.obj
 0004:00000a50       $pdata$__isa_available_init 0000000180024a50     MSVCRT:cpu_disp.obj
 0004:00000a68       $pdata$?fin$0@?0??dllmain_crt_process_attach@@YAHQEAUHINSTANCE__@@QEAX@Z@4HA 0000000180024a68     MSVCRT:dll_dllmain.obj
 0004:00000a74       $pdata$?fin$0@?0??dllmain_crt_process_detach@@YAH_N@Z@4HA 0000000180024a74     MSVCRT:dll_dllmain.obj
 0004:00000a80       $pdata$?filt$0@?0??dllmain_dispatch@@YAHQEAUHINSTANCE__@@KQEAX@Z@4HA 0000000180024a80     MSVCRT:dll_dllmain.obj
 0004:00000a8c       $pdata$__scrt_is_nonwritable_in_current_image$filt$0 0000000180024a8c     MSVCRT:utility.obj
